Component: ARM Compiler 5.06 update 5 (build 528) Tool: armlink [4d35e2]

==============================================================================

Section Cross References

    startup_stm32f103xe.o(STACK) refers (Special) to heapauxi.o(.text) for __use_two_region_memory
    startup_stm32f103xe.o(HEAP) refers (Special) to heapauxi.o(.text) for __use_two_region_memory
    startup_stm32f103xe.o(RESET) refers (Special) to heapauxi.o(.text) for __use_two_region_memory
    startup_stm32f103xe.o(RESET) refers to startup_stm32f103xe.o(STACK) for __initial_sp
    startup_stm32f103xe.o(RESET) refers to startup_stm32f103xe.o(.text) for Reset_Handler
    startup_stm32f103xe.o(RESET) refers to stm32f1xx_it.o(i.NMI_Handler) for NMI_Handler
    startup_stm32f103xe.o(RESET) refers to stm32f1xx_it.o(i.HardFault_Handler) for HardFault_Handler
    startup_stm32f103xe.o(RESET) refers to stm32f1xx_it.o(i.MemManage_Handler) for MemManage_Handler
    startup_stm32f103xe.o(RESET) refers to stm32f1xx_it.o(i.BusFault_Handler) for BusFault_Handler
    startup_stm32f103xe.o(RESET) refers to stm32f1xx_it.o(i.UsageFault_Handler) for UsageFault_Handler
    startup_stm32f103xe.o(RESET) refers to stm32f1xx_it.o(i.SVC_Handler) for SVC_Handler
    startup_stm32f103xe.o(RESET) refers to stm32f1xx_it.o(i.DebugMon_Handler) for DebugMon_Handler
    startup_stm32f103xe.o(RESET) refers to stm32f1xx_it.o(i.PendSV_Handler) for PendSV_Handler
    startup_stm32f103xe.o(RESET) refers to stm32f1xx_it.o(i.SysTick_Handler) for SysTick_Handler
    startup_stm32f103xe.o(RESET) refers to stm32f1xx_it.o(i.TIM3_IRQHandler) for TIM3_IRQHandler
    startup_stm32f103xe.o(RESET) refers to stm32f1xx_it.o(i.TIM4_IRQHandler) for TIM4_IRQHandler
    startup_stm32f103xe.o(RESET) refers to stm32f1xx_it.o(i.USART1_IRQHandler) for USART1_IRQHandler
    startup_stm32f103xe.o(RESET) refers to stm32f1xx_it.o(i.TIM6_IRQHandler) for TIM6_IRQHandler
    startup_stm32f103xe.o(.text) refers (Special) to heapauxi.o(.text) for __use_two_region_memory
    startup_stm32f103xe.o(.text) refers to system_stm32f1xx.o(i.SystemInit) for SystemInit
    startup_stm32f103xe.o(.text) refers to __main.o(!!!main) for __main
    startup_stm32f103xe.o(.text) refers to startup_stm32f103xe.o(HEAP) for Heap_Mem
    startup_stm32f103xe.o(.text) refers to startup_stm32f103xe.o(STACK) for Stack_Mem
    oled.o(i.I2C_Start) refers to stm32f1xx_hal_gpio.o(i.HAL_GPIO_WritePin) for HAL_GPIO_WritePin
    oled.o(i.I2C_Start) refers to oled.o(i.IIC_delay) for IIC_delay
    oled.o(i.I2C_Stop) refers to stm32f1xx_hal_gpio.o(i.HAL_GPIO_WritePin) for HAL_GPIO_WritePin
    oled.o(i.I2C_Stop) refers to oled.o(i.IIC_delay) for IIC_delay
    oled.o(i.I2C_WaitAck) refers to stm32f1xx_hal_gpio.o(i.HAL_GPIO_WritePin) for HAL_GPIO_WritePin
    oled.o(i.I2C_WaitAck) refers to oled.o(i.IIC_delay) for IIC_delay
    oled.o(i.OLED_Clear) refers to oled.o(i.OLED_Refresh) for OLED_Refresh
    oled.o(i.OLED_Clear) refers to oled.o(.bss) for .bss
    oled.o(i.OLED_ColorTurn) refers to oled.o(i.OLED_WR_Byte) for OLED_WR_Byte
    oled.o(i.OLED_DisPlay_Off) refers to oled.o(i.OLED_WR_Byte) for OLED_WR_Byte
    oled.o(i.OLED_DisPlay_On) refers to oled.o(i.OLED_WR_Byte) for OLED_WR_Byte
    oled.o(i.OLED_DisplayTurn) refers to oled.o(i.OLED_WR_Byte) for OLED_WR_Byte
    oled.o(i.OLED_DrawCircle) refers to oled.o(i.OLED_DrawPoint) for OLED_DrawPoint
    oled.o(i.OLED_DrawLine) refers to oled.o(i.OLED_DrawPoint) for OLED_DrawPoint
    oled.o(i.OLED_DrawPoint) refers to oled.o(.bss) for .bss
    oled.o(i.OLED_Init) refers to stm32f1xx_hal_gpio.o(i.HAL_GPIO_WritePin) for HAL_GPIO_WritePin
    oled.o(i.OLED_Init) refers to stm32f1xx_hal.o(i.HAL_Delay) for HAL_Delay
    oled.o(i.OLED_Init) refers to oled.o(i.OLED_WR_Byte) for OLED_WR_Byte
    oled.o(i.OLED_Init) refers to oled.o(i.OLED_Clear) for OLED_Clear
    oled.o(i.OLED_Refresh) refers to oled.o(i.OLED_WR_Byte) for OLED_WR_Byte
    oled.o(i.OLED_Refresh) refers to oled.o(i.I2C_Start) for I2C_Start
    oled.o(i.OLED_Refresh) refers to oled.o(i.Send_Byte) for Send_Byte
    oled.o(i.OLED_Refresh) refers to oled.o(i.I2C_WaitAck) for I2C_WaitAck
    oled.o(i.OLED_Refresh) refers to oled.o(i.I2C_Stop) for I2C_Stop
    oled.o(i.OLED_Refresh) refers to oled.o(.bss) for .bss
    oled.o(i.OLED_ScrollDisplay) refers to oled.o(i.OLED_ShowChinese) for OLED_ShowChinese
    oled.o(i.OLED_ScrollDisplay) refers to oled.o(i.OLED_Refresh) for OLED_Refresh
    oled.o(i.OLED_ScrollDisplay) refers to oled.o(.bss) for .bss
    oled.o(i.OLED_ShowChar) refers to oled.o(i.OLED_DrawPoint) for OLED_DrawPoint
    oled.o(i.OLED_ShowChar) refers to oled.o(.constdata) for .constdata
    oled.o(i.OLED_ShowChinese) refers to oled.o(i.OLED_DrawPoint) for OLED_DrawPoint
    oled.o(i.OLED_ShowChinese) refers to oled.o(.constdata) for .constdata
    oled.o(i.OLED_ShowNum) refers to oled.o(i.OLED_Pow) for OLED_Pow
    oled.o(i.OLED_ShowNum) refers to oled.o(i.OLED_ShowChar) for OLED_ShowChar
[...]
    .ARM.Collect$$libinit$$0000001D          0x080001aa   Section        0  libinit2.o(.ARM.Collect$$libinit$$0000001D)
    .ARM.Collect$$libinit$$0000001F          0x080001aa   Section        0  libinit2.o(.ARM.Collect$$libinit$$0000001F)
    .ARM.Collect$$libinit$$00000021          0x080001aa   Section        0  libinit2.o(.ARM.Collect$$libinit$$00000021)
    .ARM.Collect$$libinit$$00000023          0x080001aa   Section        0  libinit2.o(.ARM.Collect$$libinit$$00000023)
    .ARM.Collect$$libinit$$00000025          0x080001aa   Section        0  libinit2.o(.ARM.Collect$$libinit$$00000025)
    .ARM.Collect$$libinit$$0000002C          0x080001aa   Section        0  libinit2.o(.ARM.Collect$$libinit$$0000002C)
    .ARM.Collect$$libinit$$0000002E          0x080001aa   Section        0  libinit2.o(.ARM.Collect$$libinit$$0000002E)
    .ARM.Collect$$libinit$$00000030          0x080001aa   Section        0  libinit2.o(.ARM.Collect$$libinit$$00000030)
    .ARM.Collect$$libinit$$00000032          0x080001aa   Section        0  libinit2.o(.ARM.Collect$$libinit$$00000032)
    .ARM.Collect$$libinit$$00000033          0x080001aa   Section        2  libinit2.o(.ARM.Collect$$libinit$$00000033)
    .ARM.Collect$$libshutdown$$00000000      0x080001ac   Section        2  libshutdown.o(.ARM.Collect$$libshutdown$$00000000)
    .ARM.Collect$$libshutdown$$00000002      0x080001ae   Section        0  libshutdown2.o(.ARM.Collect$$libshutdown$$00000002)
    .ARM.Collect$$libshutdown$$00000004      0x080001ae   Section        0  libshutdown2.o(.ARM.Collect$$libshutdown$$00000004)
    .ARM.Collect$$libshutdown$$00000007      0x080001ae   Section        0  libshutdown2.o(.ARM.Collect$$libshutdown$$00000007)
    .ARM.Collect$$libshutdown$$0000000A      0x080001ae   Section        0  libshutdown2.o(.ARM.Collect$$libshutdown$$0000000A)
    .ARM.Collect$$libshutdown$$0000000C      0x080001ae   Section        0  libshutdown2.o(.ARM.Collect$$libshutdown$$0000000C)
    .ARM.Collect$$libshutdown$$0000000F      0x080001ae   Section        0  libshutdown2.o(.ARM.Collect$$libshutdown$$0000000F)
    .ARM.Collect$$libshutdown$$00000010      0x080001ae   Section        2  libshutdown2.o(.ARM.Collect$$libshutdown$$00000010)
    .ARM.Collect$$rtentry$$00000000          0x080001b0   Section        0  __rtentry.o(.ARM.Collect$$rtentry$$00000000)
    .ARM.Collect$$rtentry$$00000002          0x080001b0   Section        0  __rtentry2.o(.ARM.Collect$$rtentry$$00000002)
    .ARM.Collect$$rtentry$$00000004          0x080001b0   Section        6  __rtentry4.o(.ARM.Collect$$rtentry$$00000004)
    .ARM.Collect$$rtentry$$00000009          0x080001b6   Section        0  __rtentry2.o(.ARM.Collect$$rtentry$$00000009)
    .ARM.Collect$$rtentry$$0000000A          0x080001b6   Section        4  __rtentry2.o(.ARM.Collect$$rtentry$$0000000A)
    .ARM.Collect$$rtentry$$0000000C          0x080001ba   Section        0  __rtentry2.o(.ARM.Collect$$rtentry$$0000000C)
    .ARM.Collect$$rtentry$$0000000D          0x080001ba   Section        8  __rtentry2.o(.ARM.Collect$$rtentry$$0000000D)
    .ARM.Collect$$rtexit$$00000000           0x080001c2   Section        2  rtexit.o(.ARM.Collect$$rtexit$$00000000)
    .ARM.Collect$$rtexit$$00000002           0x080001c4   Section        0  rtexit2.o(.ARM.Collect$$rtexit$$00000002)
    .ARM.Collect$$rtexit$$00000003           0x080001c4   Section        4  rtexit2.o(.ARM.Collect$$rtexit$$00000003)
    .ARM.Collect$$rtexit$$00000004           0x080001c8   Section        6  rtexit2.o(.ARM.Collect$$rtexit$$00000004)
    .text                                    0x080001d0   Section       64  startup_stm32f103xe.o(.text)
    .text                                    0x08000210   Section        0  noretval__2sprintf.o(.text)
    .text                                    0x08000238   Section        0  __printf_wp.o(.text)
    .text                                    0x08000346   Section       78  rt_memclr_w.o(.text)
    .text                                    0x08000394   Section        0  heapauxi.o(.text)
    .text                                    0x0800039c   Section        0  _printf_char_common.o(.text)
    _printf_input_char                       0x0800039d   Thumb Code    10  _printf_char_common.o(.text)
    .text                                    0x080003cc   Section        0  _sputc.o(.text)
    .text                                    0x080003d8   Section        8  libspace.o(.text)
    .text                                    0x080003e0   Section       74  sys_stackheap_outer.o(.text)
    .text                                    0x0800042a   Section        0  exit.o(.text)
    .text                                    0x0800043c   Section        0  sys_exit.o(.text)
    .text                                    0x08000448   Section        2  use_no_semi.o(.text)
    .text                                    0x0800044a   Section        0  indicate_semi.o(.text)
    i.BusFault_Handler                       0x0800044a   Section        0  stm32f1xx_it.o(i.BusFault_Handler)
    i.DebugMon_Handler                       0x0800044c   Section        0  stm32f1xx_it.o(i.DebugMon_Handler)
    i.Encoder_Get_2                          0x08000450   Section        0  main.o(i.Encoder_Get_2)
    i.Encoder_Get_3                          0x08000468   Section        0  main.o(i.Encoder_Get_3)
    i.Error_Handler                          0x08000480   Section        0  main.o(i.Error_Handler)
    i.HAL_DMA_Abort                          0x08000484   Section        0  stm32f1xx_hal_dma.o(i.HAL_DMA_Abort)
    i.HAL_DMA_Abort_IT                       0x080004cc   Section        0  stm32f1xx_hal_dma.o(i.HAL_DMA_Abort_IT)
    i.HAL_Delay                              0x080005fc   Section        0  stm32f1xx_hal.o(i.HAL_Delay)
    i.HAL_GPIO_Init                          0x08000620   Section        0  stm32f1xx_hal_gpio.o(i.HAL_GPIO_Init)
    i.HAL_GPIO_WritePin                      0x08000818   Section        0  stm32f1xx_hal_gpio.o(i.HAL_GPIO_WritePin)
    i.HAL_GetTick                            0x08000824   Section        0  stm32f1xx_hal.o(i.HAL_GetTick)
    i.HAL_IncTick                            0x08000830   Section        0  stm32f1xx_hal.o(i.HAL_IncTick)
    i.HAL_Init                               0x08000840   Section        0  stm32f1xx_hal.o(i.HAL_Init)
    i.HAL_InitTick                           0x08000864   Section        0  stm32f1xx_hal.o(i.HAL_InitTick)
    i.HAL_MspInit                            0x080008a4   Section        0  stm32f1xx_hal_msp.o(i.HAL_MspInit)
    i.HAL_NVIC_EnableIRQ                     0x080008e0   Section        0  stm32f1xx_hal_cortex.o(i.HAL_NVIC_EnableIRQ)
    i.HAL_NVIC_SetPriority                   0x080008fc   Section        0  stm32f1xx_hal_cortex.o(i.HAL_NVIC_SetPriority)
    i.HAL_NVIC_SetPriorityGrouping           0x0800093c   Section        0  stm32f1xx_hal_cortex.o(i.HAL_NVIC_SetPriorityGrouping)
    i.HAL_RCC_ClockConfig                    0x08000960   Section        0  stm32f1xx_hal_rcc.o(i.HAL_RCC_ClockConfig)
    i.HAL_RCC_GetPCLK1Freq                   0x08000a8c   Section        0  stm32f1xx_hal_rcc.o(i.HAL_RCC_GetPCLK1Freq)
    i.HAL_RCC_GetPCLK2Freq                   0x08000aac   Section        0  stm32f1xx_hal_rcc.o(i.HAL_RCC_GetPCLK2Freq)
    i.HAL_RCC_GetSysClockFreq                0x08000acc   Section        0  stm32f1xx_hal_rcc.o(i.HAL_RCC_GetSysClockFreq)
    i.HAL_RCC_OscConfig                      0x08000b18   Section        0  stm32f1xx_hal_rcc.o(i.HAL_RCC_OscConfig)
    i.HAL_SYSTICK_Config                     0x08000e38   Section        0  stm32f1xx_hal_cortex.o(i.HAL_SYSTICK_Config)
    i.HAL_TIMEx_BreakCallback                0x08000e60   Section        0  stm32f1xx_hal_tim_ex.o(i.HAL_TIMEx_BreakCallback)
    i.HAL_TIMEx_CommutCallback               0x08000e62   Section        0  stm32f1xx_hal_tim_ex.o(i.HAL_TIMEx_CommutCallback)
    i.HAL_TIMEx_ConfigBreakDeadTime          0x08000e64   Section        0  stm32f1xx_hal_tim_ex.o(i.HAL_TIMEx_ConfigBreakDeadTime)
    i.HAL_TIMEx_MasterConfigSynchronization  0x08000eb8   Section        0  stm32f1xx_hal_tim_ex.o(i.HAL_TIMEx_MasterConfigSynchronization)
    i.HAL_TIM_Base_Init                      0x08000f34   Section        0  stm32f1xx_hal_tim.o(i.HAL_TIM_Base_Init)
    i.HAL_TIM_Base_MspInit                   0x08000f90   Section        0  tim.o(i.HAL_TIM_Base_MspInit)
    i.HAL_TIM_Base_Start                     0x08000fe4   Section        0  stm32f1xx_hal_tim.o(i.HAL_TIM_Base_Start)
    i.HAL_TIM_Base_Start_IT                  0x08001048   Section        0  stm32f1xx_hal_tim.o(i.HAL_TIM_Base_Start_IT)
    i.HAL_TIM_Encoder_Init                   0x080010b4   Section        0  stm32f1xx_hal_tim.o(i.HAL_TIM_Encoder_Init)
    i.HAL_TIM_Encoder_MspInit                0x08001158   Section        0  tim.o(i.HAL_TIM_Encoder_MspInit)
    i.HAL_TIM_Encoder_Start                  0x08001218   Section        0  stm32f1xx_hal_tim.o(i.HAL_TIM_Encoder_Start)
    i.HAL_TIM_IC_CaptureCallback             0x080012a6   Section        0  stm32f1xx_hal_tim.o(i.HAL_TIM_IC_CaptureCallback)
    i.HAL_TIM_IRQHandler                     0x080012a8   Section        0  stm32f1xx_hal_tim.o(i.HAL_TIM_IRQHandler)
    i.HAL_TIM_MspPostInit                    0x08001410   Section        0  tim.o(i.HAL_TIM_MspPostInit)
    i.HAL_TIM_OC_DelayElapsedCallback        0x0800149c   Section        0  stm32f1xx_hal_tim.o(i.HAL_TIM_OC_DelayElapsedCallback)
    i.HAL_TIM_PWM_ConfigChannel              0x0800149e   Section        0  stm32f1xx_hal_tim.o(i.HAL_TIM_PWM_ConfigChannel)
    i.HAL_TIM_PWM_Init                       0x0800156a   Section        0  stm32f1xx_hal_tim.o(i.HAL_TIM_PWM_Init)
    i.HAL_TIM_PWM_MspInit                    0x080015c4   Section        0  tim.o(i.HAL_TIM_PWM_MspInit)
    i.HAL_TIM_PWM_PulseFinishedCallback      0x08001600   Section        0  stm32f1xx_hal_tim.o(i.HAL_TIM_PWM_PulseFinishedCallback)
    i.HAL_TIM_PWM_Start                      0x08001604   Section        0  stm32f1xx_hal_tim.o(i.HAL_TIM_PWM_Start)
    i.HAL_TIM_PeriodElapsedCallback          0x080016b8   Section        0  main.o(i.HAL_TIM_PeriodElapsedCallback)
    i.HAL_TIM_TriggerCallback                0x080016e0   Section        0  stm32f1xx_hal_tim.o(i.HAL_TIM_TriggerCallback)
    i.HAL_UARTEx_RxEventCallback             0x080016e2   Section        0  stm32f1xx_hal_uart.o(i.HAL_UARTEx_RxEventCallback)
    i.HAL_UART_ErrorCallback                 0x080016e4   Section        0  stm32f1xx_hal_uart.o(i.HAL_UART_ErrorCallback)
    i.HAL_UART_IRQHandler                    0x080016e8   Section        0  stm32f1xx_hal_uart.o(i.HAL_UART_IRQHandler)
    i.HAL_UART_Init                          0x08001954   Section        0  stm32f1xx_hal_uart.o(i.HAL_UART_Init)
    i.HAL_UART_MspInit                       0x080019b8   Section        0  usart.o(i.HAL_UART_MspInit)
    i.HAL_UART_Receive_IT                    0x08001a38   Section        0  stm32f1xx_hal_uart.o(i.HAL_UART_Receive_IT)
    i.HAL_UART_RxCpltCallback                0x08001a54   Section        0  main.o(i.HAL_UART_RxCpltCallback)
    i.HAL_UART_Transmit                      0x08001a94   Section        0  stm32f1xx_hal_uart.o(i.HAL_UART_Transmit)
    i.HAL_UART_TxCpltCallback                0x08001b2e   Section        0  stm32f1xx_hal_uart.o(i.HAL_UART_TxCpltCallback)
    i.HardFault_Handler                      0x08001b30   Section        0  stm32f1xx_it.o(i.HardFault_Handler)
    i.I2C_Start                              0x08001b34   Section        0  oled.o(i.I2C_Start)
    i.I2C_Stop                               0x08001b78   Section        0  oled.o(i.I2C_Stop)
    i.I2C_WaitAck                            0x08001bac   Section        0  oled.o(i.I2C_WaitAck)
    i.IIC_delay                              0x08001be4   Section        0  oled.o(i.IIC_delay)
    i.MX_GPIO_Init                           0x08001bf0   Section        0  gpio.o(i.MX_GPIO_Init)
    i.MX_TIM1_Init                           0x08001cac   Section        0  tim.o(i.MX_TIM1_Init)
    i.MX_TIM2_Init                           0x08001d7c   Section        0  tim.o(i.MX_TIM2_Init)
    i.MX_TIM3_Init                           0x08001dec   Section        0  tim.o(i.MX_TIM3_Init)
    i.MX_TIM4_Init                           0x08001e58   Section        0  tim.o(i.MX_TIM4_Init)
    i.MX_TIM6_Init                           0x08001ec4   Section        0  tim.o(i.MX_TIM6_Init)
    i.MX_TIM7_Init                           0x08001f0c   Section        0  tim.o(i.MX_TIM7_Init)
    i.MX_USART1_UART_Init                    0x08001f54   Section        0  usart.o(i.MX_USART1_UART_Init)
    i.MemManage_Handler                      0x08001f8c   Section        0  stm32f1xx_it.o(i.MemManage_Handler)
    i.NMI_Handler                            0x08001f8e   Section        0  stm32f1xx_it.o(i.NMI_Handler)
    i.OLED_Clear                             0x08001f90   Section        0  oled.o(i.OLED_Clear)
    i.OLED_DisplayTurn                       0x08001fbc   Section        0  oled.o(i.OLED_DisplayTurn)
    i.OLED_DrawPoint                         0x08001fe8   Section        0  oled.o(i.OLED_DrawPoint)
    i.OLED_Init                              0x08002014   Section        0  oled.o(i.OLED_Init)
    i.OLED_Refresh                           0x08002110   Section        0  oled.o(i.OLED_Refresh)
    i.OLED_ShowChar                          0x08002178   Section        0  oled.o(i.OLED_ShowChar)
    i.OLED_ShowString                        0x0800225c   Section        0  oled.o(i.OLED_ShowString)
    i.OLED_WR_Byte                           0x08002298   Section        0  oled.o(i.OLED_WR_Byte)
    i.PID_Calc_add                           0x080022ce   Section        0  main.o(i.PID_Calc_add)
    i.PID_Calc_pos                           0x0800233c   Section        0  main.o(i.PID_Calc_pos)
    i.PID_CascadeCalc_2                      0x080023d0   Section        0  main.o(i.PID_CascadeCalc_2)
    i.PID_CascadeCalc_3                      0x080023f4   Section        0  main.o(i.PID_CascadeCalc_3)
    i.PID_Init_pos                           0x08002418   Section        0  main.o(i.PID_Init_pos)
    i.PendSV_Handler                         0x08002428   Section        0  stm32f1xx_it.o(i.PendSV_Handler)
    i.SVC_Handler                            0x0800242a   Section        0  stm32f1xx_it.o(i.SVC_Handler)
    i.Send_Byte                              0x0800242c   Section        0  oled.o(i.Send_Byte)
    i.Set_Pwm                                0x08002480   Section        0  main.o(i.Set_Pwm)
    i.SysTick_Handler                        0x08002590   Section        0  stm32f1xx_it.o(i.SysTick_Handler)
    i.SystemClock_Config                     0x08002594   Section        0  main.o(i.SystemClock_Config)
    i.SystemInit                             0x080025f2   Section        0  system_stm32f1xx.o(i.SystemInit)
    i.TIM3_IRQHandler                        0x080025f4   Section        0  stm32f1xx_it.o(i.TIM3_IRQHandler)
    i.TIM4_IRQHandler                        0x08002600   Section        0  stm32f1xx_it.o(i.TIM4_IRQHandler)
    i.TIM6_IRQHandler                        0x0800260c   Section        0  stm32f1xx_it.o(i.TIM6_IRQHandler)
    i.TIM_Base_SetConfig                     0x08002618   Section        0  stm32f1xx_hal_tim.o(i.TIM_Base_SetConfig)
    i.TIM_CCxChannelCmd                      0x080026a4   Section        0  stm32f1xx_hal_tim.o(i.TIM_CCxChannelCmd)
    i.TIM_OC1_SetConfig                      0x080026c0   Section        0  stm32f1xx_hal_tim.o(i.TIM_OC1_SetConfig)
    TIM_OC1_SetConfig                        0x080026c1   Thumb Code    88  stm32f1xx_hal_tim.o(i.TIM_OC1_SetConfig)
    i.TIM_OC2_SetConfig                      0x08002720   Section        0  stm32f1xx_hal_tim.o(i.TIM_OC2_SetConfig)
    i.TIM_OC3_SetConfig                      0x0800278c   Section        0  stm32f1xx_hal_tim.o(i.TIM_OC3_SetConfig)
    TIM_OC3_SetConfig                        0x0800278d   Thumb Code    96  stm32f1xx_hal_tim.o(i.TIM_OC3_SetConfig)
    i.TIM_OC4_SetConfig                      0x080027f4   Section        0  stm32f1xx_hal_tim.o(i.TIM_OC4_SetConfig)
    TIM_OC4_SetConfig                        0x080027f5   Thumb Code    70  stm32f1xx_hal_tim.o(i.TIM_OC4_SetConfig)
    i.UART_DMAAbortOnError                   0x08002844   Section        0  stm32f1xx_hal_uart.o(i.UART_DMAAbortOnError)
    UART_DMAAbortOnError                     0x08002845   Thumb Code    16  stm32f1xx_hal_uart.o(i.UART_DMAAbortOnError)
    i.UART_EndRxTransfer                     0x08002854   Section        0  stm32f1xx_hal_uart.o(i.UART_EndRxTransfer)
    UART_EndRxTransfer                       0x08002855   Thumb Code    78  stm32f1xx_hal_uart.o(i.UART_EndRxTransfer)
    i.UART_Receive_IT                        0x080028a2   Section        0  stm32f1xx_hal_uart.o(i.UART_Receive_IT)
    UART_Receive_IT                          0x080028a3   Thumb Code   194  stm32f1xx_hal_uart.o(i.UART_Receive_IT)
    i.UART_SetConfig                         0x08002964   Section        0  stm32f1xx_hal_uart.o(i.UART_SetConfig)
    UART_SetConfig                           0x08002965   Thumb Code   178  stm32f1xx_hal_uart.o(i.UART_SetConfig)
    i.UART_Start_Receive_IT                  0x08002a1c   Section        0  stm32f1xx_hal_uart.o(i.UART_Start_Receive_IT)
    i.UART_WaitOnFlagUntilTimeout            0x08002a52   Section        0  stm32f1xx_hal_uart.o(i.UART_WaitOnFlagUntilTimeout)
    UART_WaitOnFlagUntilTimeout              0x08002a53   Thumb Code   120  stm32f1xx_hal_uart.o(i.UART_WaitOnFlagUntilTimeout)
    i.USART1_IRQHandler                      0x08002acc   Section        0  stm32f1xx_it.o(i.USART1_IRQHandler)
    i.UsageFault_Handler                     0x08002ad8   Section        0  stm32f1xx_it.o(i.UsageFault_Handler)
    i.__NVIC_SetPriority                     0x08002ada   Section        0  stm32f1xx_hal_cortex.o(i.__NVIC_SetPriority)
    __NVIC_SetPriority                       0x08002adb   Thumb Code    32  stm32f1xx_hal_cortex.o(i.__NVIC_SetPriority)
    i._is_digit                              0x08002afa   Section        0  __printf_wp.o(i._is_digit)
    i.angle_take_off                         0x08002b08   Section        0  main.o(i.angle_take_off)
    i.angle_take_on                          0x08002b38   Section        0  main.o(i.angle_take_on)
    i.caculate_2                             0x08002b68   Section        0  main.o(i.caculate_2)
    i.caculate_3                             0x08002bb0   Section        0  main.o(i.caculate_3)
    i.liner_dis                              0x08002bf8   Section        0  main.o(i.liner_dis)
    i.main                                   0x08002c1c   Section        0  main.o(i.main)
    i.myabs                                  0x08002d44   Section        0  main.o(i.myabs)
    i.target_dis_2                           0x08002d4c   Section        0  main.o(i.target_dis_2)
    i.target_dis_3                           0x08002d50   Section        0  main.o(i.target_dis_3)
    i.tool_distance_2                        0x08002d54   Section        0  main.o(i.tool_distance_2)
    i.tool_distance_3                        0x08002d90   Section        0  main.o(i.tool_distance_3)
    i.uart_data_rec                          0x08002dcc   Section        0  main.o(i.uart_data_rec)
    x$fpl$d2f                                0x08002e98   Section       98  d2f.o(x$fpl$d2f)
    x$fpl$ddiv                               0x08002efc   Section      688  ddiv.o(x$fpl$ddiv)
    ddiv_entry                               0x08002f03   Thumb Code     0  ddiv.o(x$fpl$ddiv)
    x$fpl$dflt                               0x080031ac   Section       46  dflt_clz.o(x$fpl$dflt)
    x$fpl$dmul                               0x080031dc   Section      340  dmul.o(x$fpl$dmul)
    x$fpl$dnaninf                            0x08003330   Section      156  dnaninf.o(x$fpl$dnaninf)
    x$fpl$dretinf                            0x080033cc   Section       12  dretinf.o(x$fpl$dretinf)
    x$fpl$fadd                               0x080033d8   Section      196  faddsub_clz.o(x$fpl$fadd)
    _fadd1                                   0x080033e7   Thumb Code     0  faddsub_clz.o(x$fpl$fadd)
    x$fpl$fcheck1                            0x0800349c   Section       12  fcheck1.o(x$fpl$fcheck1)
    x$fpl$fcmpinf                            0x080034a8   Section       24  fcmpi.o(x$fpl$fcmpinf)
    x$fpl$fdiv                               0x080034c0   Section      388  fdiv.o(x$fpl$fdiv)
    _fdiv1                                   0x080034c1   Thumb Code     0  fdiv.o(x$fpl$fdiv)
    x$fpl$ffix                               0x08003644   Section       54  ffix.o(x$fpl$ffix)
    x$fpl$ffixu                              0x0800367c   Section       62  ffixu.o(x$fpl$ffixu)
    x$fpl$fflt                               0x080036bc   Section       48  fflt_clz.o(x$fpl$fflt)
    x$fpl$fleqf                              0x080036ec   Section      104  fleqf.o(x$fpl$fleqf)
    x$fpl$fmul                               0x08003754   Section      258  fmul.o(x$fpl$fmul)
    x$fpl$fnaninf                            0x08003856   Section      140  fnaninf.o(x$fpl$fnaninf)
    x$fpl$fretinf                            0x080038e2   Section       10  fretinf.o(x$fpl$fretinf)
    x$fpl$frleqf                             0x080038ec   Section       98  frleqf.o(x$fpl$frleqf)
    x$fpl$frsb                               0x0800394e   Section       20  faddsub_clz.o(x$fpl$frsb)
    x$fpl$fsub                               0x08003964   Section      234  faddsub_clz.o(x$fpl$fsub)
    _fsub1                                   0x08003973   Thumb Code     0  faddsub_clz.o(x$fpl$fsub)
    x$fpl$retnan                             0x08003a4e   Section      100  retnan.o(x$fpl$retnan)
    x$fpl$scalbnf                            0x08003ab2   Section       76  scalbnf.o(x$fpl$scalbnf)
    x$fpl$trapveneer                         0x08003afe   Section       48  trapv.o(x$fpl$trapveneer)
    .constdata                               0x08003b2e   Section     7696  oled.o(.constdata)
    x$fpl$usenofp                            0x08003b2e   Section        0  usenofp.o(x$fpl$usenofp)
    .constdata                               0x0800593e   Section       18  stm32f1xx_hal_rcc.o(.constdata)
    aPredivFactorTable                       0x0800593e   Data           2  stm32f1xx_hal_rcc.o(.constdata)
    aPLLMULFactorTable                       0x08005940   Data          16  stm32f1xx_hal_rcc.o(.constdata)
    .constdata                               0x08005950   Section       16  system_stm32f1xx.o(.constdata)
    .constdata                               0x08005960   Section        8  system_stm32f1xx.o(.constdata)
    .data                                    0x20000000   Section       32  main.o(.data)
    .data                                    0x20000020   Section       12  stm32f1xx_hal.o(.data)
    .data                                    0x2000002c   Section        4  system_stm32f1xx.o(.data)
    .bss                                     0x20000030   Section     1152  oled.o(.bss)
    .bss                                     0x200004b0   Section      232  main.o(.bss)
    .bss                                     0x20000598   Section      432  tim.o(.bss)
    .bss                                     0x20000748   Section       72  usart.o(.bss)
    .bss                                     0x20000790   Section       96  libspace.o(.bss)
    HEAP                                     0x200007f0   Section      512  startup_stm32f103xe.o(HEAP)
    Heap_Mem                                 0x200007f0   Data         512  startup_stm32f103xe.o(HEAP)
    STACK                                    0x200009f0   Section     1024  startup_stm32f103xe.o(STACK)
    Stack_Mem                                0x200009f0   Data        1024  startup_stm32f103xe.o(STACK)
    __initial_sp                             0x20000df0   Data           0  startup_stm32f103xe.o(STACK)

    Global Symbols

    Symbol Name                              Value     Ov Type        Size  Object(Section)

    BuildAttributes$$THM_ISAv4$P$D$K$B$S$PE$A:L22UL41UL21$X:L11$S22US41US21$IEEE1$IW$USESV6$~STKCKD$USESV7$~SHL$OTIME$ROPI$IEEEJ$EBA8$UX$STANDARDLIB$REQ8$PRES8$EABIv2 0x00000000   Number         0  anon$$obj.o ABSOLUTE
    __ARM_use_no_argv                        0x00000000   Number         0  main.o ABSOLUTE
    _printf_flags                            0x00000000   Number         0  printf_stubs.o ABSOLUTE
    _printf_return_value                     0x00000000   Number         0  printf_stubs.o ABSOLUTE
    _printf_sizespec                         0x00000000   Number         0  printf_stubs.o ABSOLUTE
    _printf_widthprec                        0x00000000   Number         0  printf_stubs.o ABSOLUTE
    __ARM_exceptions_init                     - Undefined Weak Reference
    __alloca_initialize                       - Undefined Weak Reference
    __arm_preinit_                            - Undefined Weak Reference
    __cpp_initialize__aeabi_                  - Undefined Weak Reference
    __cxa_finalize                            - Undefined Weak Reference
    __sigvec_lookup                           - Undefined Weak Reference
    _atexit_init                              - Undefined Weak Reference
    _call_atexit_fns                          - Undefined Weak Reference
    _clock_init                               - Undefined Weak Reference
    _fp_trap_init                             - Undefined Weak Reference
    _fp_trap_shutdown                         - Undefined Weak Reference
    _get_lc_collate                           - Undefined Weak Reference
    _get_lc_ctype                             - Undefined Weak Reference
    _get_lc_monetary                          - Undefined Weak Reference
    _get_lc_time                              - Undefined Weak Reference
    _getenv_init                              - Undefined Weak Reference
    _handle_redirection                       - Undefined Weak Reference
    _init_alloc                               - Undefined Weak Reference
    _init_user_alloc                          - Undefined Weak Reference
    _initio                                   - Undefined Weak Reference
    _printf_post_padding                      - Undefined Weak Reference
    _printf_pre_padding                       - Undefined Weak Reference
    _printf_truncate_signed                   - Undefined Weak Reference
    _printf_truncate_unsigned                 - Undefined Weak Reference
    _rand_init                                - Undefined Weak Reference
    _signal_finish                            - Undefined Weak Reference
    _signal_init                              - Undefined Weak Reference
    _terminate_alloc                          - Undefined Weak Reference
    _terminate_user_alloc                     - Undefined Weak Reference
    _terminateio                              - Undefined Weak Reference
    __Vectors_Size                           0x00000130   Number         0  startup_stm32f103xe.o ABSOLUTE
    __Vectors                                0x08000000   Data           4  startup_stm32f103xe.o(RESET)
    __Vectors_End                            0x08000130   Data           0  startup_stm32f103xe.o(RESET)
    __main                                   0x08000131   Thumb Code     8  __main.o(!!!main)
    __scatterload                            0x08000139   Thumb Code     0  __scatter.o(!!!scatter)
    __scatterload_rt2                        0x08000139   Thumb Code    44  __scatter.o(!!!scatter)
    __scatterload_rt2_thumb_only             0x08000139   Thumb Code     0  __scatter.o(!!!scatter)
    __scatterload_null                       0x08000147   Thumb Code     0  __scatter.o(!!!scatter)
    __scatterload_copy                       0x0800016d   Thumb Code    26  __scatter_copy.o(!!handler_copy)
    __scatterload_zeroinit                   0x08000189   Thumb Code    28  __scatter_zi.o(!!handler_zi)
    _printf_percent                          0x080001a5   Thumb Code     0  _printf_percent.o(.ARM.Collect$$_printf_percent$$00000000)
    _printf_percent_end                      0x080001a5   Thumb Code     0  _printf_percent_end.o(.ARM.Collect$$_printf_percent$$00000017)
    __rt_lib_init                            0x080001a9   Thumb Code     0  libinit.o(.ARM.Collect$$libinit$$00000000)
    __rt_lib_init_alloca_1                   0x080001ab   Thumb Code     0  libinit2.o(.ARM.Collect$$libinit$$0000002E)
    __rt_lib_init_argv_1                     0x080001ab   Thumb Code     0  libinit2.o(.ARM.Collect$$libinit$$0000002C)
    __rt_lib_init_atexit_1                   0x080001ab   Thumb Code     0  libinit2.o(.ARM.Collect$$libinit$$0000001B)
    __rt_lib_init_clock_1                    0x080001ab   Thumb Code     0  libinit2.o(.ARM.Collect$$libinit$$00000021)
    __rt_lib_init_cpp_1                      0x080001ab   Thumb Code     0  libinit2.o(.ARM.Collect$$libinit$$00000032)
    __rt_lib_init_exceptions_1               0x080001ab   Thumb Code     0  libinit2.o(.ARM.Collect$$libinit$$00000030)
    __rt_lib_init_fp_1                       0x080001ab   Thumb Code     0  libinit2.o(.ARM.Collect$$libinit$$00000002)
    __rt_lib_init_fp_trap_1                  0x080001ab   Thumb Code     0  libinit2.o(.ARM.Collect$$libinit$$0000001F)
    __rt_lib_init_getenv_1                   0x080001ab   Thumb Code     0  libinit2.o(.ARM.Collect$$libinit$$00000023)
    __rt_lib_init_heap_1                     0x080001ab   Thumb Code     0  libinit2.o(.ARM.Collect$$libinit$$0000000A)
    __rt_lib_init_lc_collate_1               0x080001ab   Thumb Code     0  libinit2.o(.ARM.Collect$$libinit$$00000011)
    __rt_lib_init_lc_ctype_1                 0x080001ab   Thumb Code     0  libinit2.o(.ARM.Collect$$libinit$$00000013)
    __rt_lib_init_lc_monetary_1              0x080001ab   Thumb Code     0  libinit2.o(.ARM.Collect$$libinit$$00000015)
    __rt_lib_init_lc_numeric_1               0x080001ab   Thumb Code     0  libinit2.o(.ARM.Collect$$libinit$$00000017)
    __rt_lib_init_lc_time_1                  0x080001ab   Thumb Code     0  libinit2.o(.ARM.Collect$$libinit$$00000019)
    __rt_lib_init_preinit_1                  0x080001ab   Thumb Code     0  libinit2.o(.ARM.Collect$$libinit$$00000004)
    __rt_lib_init_rand_1                     0x080001ab   Thumb Code     0  libinit2.o(.ARM.Collect$$libinit$$0000000E)
    __rt_lib_init_return                     0x080001ab   Thumb Code     0  libinit2.o(.ARM.Collect$$libinit$$00000033)
    __rt_lib_init_signal_1                   0x080001ab   Thumb Code     0  libinit2.o(.ARM.Collect$$libinit$$0000001D)
    __rt_lib_init_stdio_1                    0x080001ab   Thumb Code     0  libinit2.o(.ARM.Collect$$libinit$$00000025)
    __rt_lib_init_user_alloc_1               0x080001ab   Thumb Code     0  libinit2.o(.ARM.Collect$$libinit$$0000000C)
    __rt_lib_shutdown                        0x080001ad   Thumb Code     0  libshutdown.o(.ARM.Collect$$libshutdown$$00000000)
    __rt_lib_shutdown_cpp_1                  0x080001af   Thumb Code     0  libshutdown2.o(.ARM.Collect$$libshutdown$$00000002)
    __rt_lib_shutdown_fp_trap_1              0x080001af   Thumb Code     0  libshutdown2.o(.ARM.Collect$$libshutdown$$00000007)
    __rt_lib_shutdown_heap_1                 0x080001af   Thumb Code     0  libshutdown2.o(.ARM.Collect$$libshutdown$$0000000F)
    __rt_lib_shutdown_return                 0x080001af   Thumb Code     0  libshutdown2.o(.ARM.Collect$$libshutdown$$00000010)
    __rt_lib_shutdown_signal_1               0x080001af   Thumb Code     0  libshutdown2.o(.ARM.Collect$$libshutdown$$0000000A)
    __rt_lib_shutdown_stdio_1                0x080001af   Thumb Code     0  libshutdown2.o(.ARM.Collect$$libshutdown$$00000004)
    __rt_lib_shutdown_user_alloc_1           0x080001af   Thumb Code     0  libshutdown2.o(.ARM.Collect$$libshutdown$$0000000C)
    __rt_entry                               0x080001b1   Thumb Code     0  __rtentry.o(.ARM.Collect$$rtentry$$00000000)
    __rt_entry_presh_1                       0x080001b1   Thumb Code     0  __rtentry2.o(.ARM.Collect$$rtentry$$00000002)
    __rt_entry_sh                            0x080001b1   Thumb Code     0  __rtentry4.o(.ARM.Collect$$rtentry$$00000004)
    __rt_entry_li                            0x080001b7   Thumb Code     0  __rtentry2.o(.ARM.Collect$$rtentry$$0000000A)
    __rt_entry_postsh_1                      0x080001b7   Thumb Code     0  __rtentry2.o(.ARM.Collect$$rtentry$$00000009)
    __rt_entry_main                          0x080001bb   Thumb Code     0  __rtentry2.o(.ARM.Collect$$rtentry$$0000000D)
    __rt_entry_postli_1                      0x080001bb   Thumb Code     0  __rtentry2.o(.ARM.Collect$$rtentry$$0000000C)
    __rt_exit                                0x080001c3   Thumb Code     0  rtexit.o(.ARM.Collect$$rtexit$$00000000)
    __rt_exit_ls                             0x080001c5   Thumb Code     0  rtexit2.o(.ARM.Collect$$rtexit$$00000003)
    __rt_exit_prels_1                        0x080001c5   Thumb Code     0  rtexit2.o(.ARM.Collect$$rtexit$$00000002)
    __rt_exit_exit                           0x080001c9   Thumb Code     0  rtexit2.o(.ARM.Collect$$rtexit$$00000004)
    Reset_Handler                            0x080001d1   Thumb Code     8  startup_stm32f103xe.o(.text)
    ADC1_2_IRQHandler                        0x080001eb   Thumb Code     0  startup_stm32f103xe.o(.text)
    ADC3_IRQHandler                          0x080001eb   Thumb Code     0  startup_stm32f103xe.o(.text)
    CAN1_RX1_IRQHandler                      0x080001eb   Thumb Code     0  startup_stm32f103xe.o(.text)
    CAN1_SCE_IRQHandler                      0x080001eb   Thumb Code     0  startup_stm32f103xe.o(.text)
    DMA1_Channel1_IRQHandler                 0x080001eb   Thumb Code     0  startup_stm32f103xe.o(.text)
    DMA1_Channel2_IRQHandler                 0x080001eb   Thumb Code     0  startup_stm32f103xe.o(.text)
    DMA1_Channel3_IRQHandler                 0x080001eb   Thumb Code     0  startup_stm32f103xe.o(.text)
    DMA1_Channel4_IRQHandler                 0x080001eb   Thumb Code     0  startup_stm32f103xe.o(.text)
    DMA1_Channel5_IRQHandler                 0x080001eb   Thumb Code     0  startup_stm32f103xe.o(.text)
    DMA1_Channel6_IRQHandler                 0x080001eb   Thumb Code     0  startup_stm32f103xe.o(.text)
    DMA1_Channel7_IRQHandler                 0x080001eb   Thumb Code     0  startup_stm32f103xe.o(.text)
    DMA2_Channel1_IRQHandler                 0x080001eb   Thumb Code     0  startup_stm32f103xe.o(.text)
    DMA2_Channel2_IRQHandler                 0x080001eb   Thumb Code     0  startup_stm32f103xe.o(.text)
    DMA2_Channel3_IRQHandler                 0x080001eb   Thumb Code     0  startup_stm32f103xe.o(.text)
    DMA2_Channel4_5_IRQHandler               0x080001eb   Thumb Code     0  startup_stm32f103xe.o(.text)
    EXTI0_IRQHandler                         0x080001eb   Thumb Code     0  startup_stm32f103xe.o(.text)
    EXTI15_10_IRQHandler                     0x080001eb   Thumb Code     0  startup_stm32f103xe.o(.text)
    EXTI1_IRQHandler                         0x080001eb   Thumb Code     0  startup_stm32f103xe.o(.text)
    EXTI2_IRQHandler                         0x080001eb   Thumb Code     0  startup_stm32f103xe.o(.text)
    EXTI3_IRQHandler                         0x080001eb   Thumb Code     0  startup_stm32f103xe.o(.text)
    EXTI4_IRQHandler                         0x080001eb   Thumb Code     0  startup_stm32f103xe.o(.text)
    EXTI9_5_IRQHandler                       0x080001eb   Thumb Code     0  startup_stm32f103xe.o(.text)
    FLASH_IRQHandler                         0x080001eb   Thumb Code     0  startup_stm32f103xe.o(.text)
    FSMC_IRQHandler                          0x080001eb   Thumb Code     0  startup_stm32f103xe.o(.text)
    I2C1_ER_IRQHandler                       0x080001eb   Thumb Code     0  startup_stm32f103xe.o(.text)
    I2C1_EV_IRQHandler                       0x080001eb   Thumb Code     0  startup_stm32f103xe.o(.text)
    I2C2_ER_IRQHandler                       0x080001eb   Thumb Code     0  startup_stm32f103xe.o(.text)
    I2C2_EV_IRQHandler                       0x080001eb   Thumb Code     0  startup_stm32f103xe.o(.text)
    PVD_IRQHandler                           0x080001eb   Thumb Code     0  startup_stm32f103xe.o(.text)
    RCC_IRQHandler                           0x080001eb   Thumb Code     0  startup_stm32f103xe.o(.text)
    RTC_Alarm_IRQHandler                     0x080001eb   Thumb Code     0  startup_stm32f103xe.o(.text)
    RTC_IRQHandler                           0x080001eb   Thumb Code     0  startup_stm32f103xe.o(.text)
    SDIO_IRQHandler                          0x080001eb   Thumb Code     0  startup_stm32f103xe.o(.text)
    SPI1_IRQHandler                          0x080001eb   Thumb Code     0  startup_stm32f103xe.o(.text)
    SPI2_IRQHandler                          0x080001eb   Thumb Code     0  startup_stm32f103xe.o(.text)
    SPI3_IRQHandler                          0x080001eb   Thumb Code     0  startup_stm32f103xe.o(.text)
    TAMPER_IRQHandler                        0x080001eb   Thumb Code     0  startup_stm32f103xe.o(.text)
    TIM1_BRK_IRQHandler                      0x080001eb   Thumb Code     0  startup_stm32f103xe.o(.text)
    TIM1_CC_IRQHandler                       0x080001eb   Thumb Code     0  startup_stm32f103xe.o(.text)
    TIM1_TRG_COM_IRQHandler                  0x080001eb   Thumb Code     0  startup_stm32f103xe.o(.text)
    TIM1_UP_IRQHandler                       0x080001eb   Thumb Code     0  startup_stm32f103xe.o(.text)
    TIM2_IRQHandler                          0x080001eb   Thumb Code     0  startup_stm32f103xe.o(.text)
    TIM5_IRQHandler                          0x080001eb   Thumb Code     0  startup_stm32f103xe.o(.text)
    TIM7_IRQHandler                          0x080001eb   Thumb Code     0  startup_stm32f103xe.o(.text)
    TIM8_BRK_IRQHandler                      0x080001eb   Thumb Code     0  startup_stm32f103xe.o(.text)
    TIM8_CC_IRQHandler                       0x080001eb   Thumb Code     0  startup_stm32f103xe.o(.text)
    TIM8_TRG_COM_IRQHandler                  0x080001eb   Thumb Code     0  startup_stm32f103xe.o(.text)
    TIM8_UP_IRQHandler                       0x080001eb   Thumb Code     0  startup_stm32f103xe.o(.text)
    UART4_IRQHandler                         0x080001eb   Thumb Code     0  startup_stm32f103xe.o(.text)
    UART5_IRQHandler                         0x080001eb   Thumb Code     0  startup_stm32f103xe.o(.text)
    USART2_IRQHandler                        0x080001eb   Thumb Code     0  startup_stm32f103xe.o(.text)
    USART3_IRQHandler                        0x080001eb   Thumb Code     0  startup_stm32f103xe.o(.text)
    USBWakeUp_IRQHandler                     0x080001eb   Thumb Code     0  startup_stm32f103xe.o(.text)
    USB_HP_CAN1_TX_IRQHandler                0x080001eb   Thumb Code     0  startup_stm32f103xe.o(.text)
    USB_LP_CAN1_RX0_IRQHandler               0x080001eb   Thumb Code     0  startup_stm32f103xe.o(.text)
    WWDG_IRQHandler                          0x080001eb   Thumb Code     0  startup_stm32f103xe.o(.text)
    __user_initial_stackheap                 0x080001ed   Thumb Code     0  startup_stm32f103xe.o(.text)
    __2sprintf                               0x08000211   Thumb Code    34  noretval__2sprintf.o(.text)
    __printf                                 0x08000239   Thumb Code   270  __printf_wp.o(.text)
    __aeabi_memclr4                          0x08000347   Thumb Code     0  rt_memclr_w.o(.text)
    __aeabi_memclr8                          0x08000347   Thumb Code     0  rt_memclr_w.o(.text)
    __rt_memclr_w                            0x08000347   Thumb Code    78  rt_memclr_w.o(.text)
    _memset_w                                0x0800034b   Thumb Code     0  rt_memclr_w.o(.text)
    __use_two_region_memory                  0x08000395   Thumb Code     2  heapauxi.o(.text)
    __rt_heap_escrow$2region                 0x08000397   Thumb Code     2  heapauxi.o(.text)
    __rt_heap_expand$2region                 0x08000399   Thumb Code     2  heapauxi.o(.text)
    _printf_char_common                      0x080003a7   Thumb Code    32  _printf_char_common.o(.text)
    _sputc                                   0x080003cd   Thumb Code    10  _sputc.o(.text)
    __user_libspace                          0x080003d9   Thumb Code     8  libspace.o(.text)
    __user_perproc_libspace                  0x080003d9   Thumb Code     0  libspace.o(.text)
    __user_perthread_libspace                0x080003d9   Thumb Code     0  libspace.o(.text)
    __user_setup_stackheap                   0x080003e1   Thumb Code    74  sys_stackheap_outer.o(.text)
    exit                                     0x0800042b   Thumb Code    18  exit.o(.text)
    _sys_exit                                0x0800043d   Thumb Code     8  sys_exit.o(.text)
    __I$use$semihosting                      0x08000449   Thumb Code     0  use_no_semi.o(.text)
    __use_no_semihosting_swi                 0x08000449   Thumb Code     2  use_no_semi.o(.text)
    BusFault_Handler                         0x0800044b   Thumb Code     2  stm32f1xx_it.o(i.BusFault_Handler)
    __semihosting_library_function           0x0800044b   Thumb Code     0  indicate_semi.o(.text)
    DebugMon_Handler                         0x0800044d   Thumb Code     2  stm32f1xx_it.o(i.DebugMon_Handler)
    Encoder_Get_2                            0x08000451   Thumb Code    16  main.o(i.Encoder_Get_2)
    Encoder_Get_3                            0x08000469   Thumb Code    16  main.o(i.Encoder_Get_3)
    Error_Handler                            0x08000481   Thumb Code     4  main.o(i.Error_Handler)
    HAL_DMA_Abort                            0x08000485   Thumb Code    70  stm32f1xx_hal_dma.o(i.HAL_DMA_Abort)
    HAL_DMA_Abort_IT                         0x080004cd   Thumb Code   296  stm32f1xx_hal_dma.o(i.HAL_DMA_Abort_IT)
    HAL_Delay                                0x080005fd   Thumb Code    32  stm32f1xx_hal.o(i.HAL_Delay)
    HAL_GPIO_Init                            0x08000621   Thumb Code   462  stm32f1xx_hal_gpio.o(i.HAL_GPIO_Init)
    HAL_GPIO_WritePin                        0x08000819   Thumb Code    10  stm32f1xx_hal_gpio.o(i.HAL_GPIO_WritePin)
    HAL_GetTick                              0x08000825   Thumb Code     6  stm32f1xx_hal.o(i.HAL_GetTick)
    HAL_IncTick                              0x08000831   Thumb Code    12  stm32f1xx_hal.o(i.HAL_IncTick)
    HAL_Init                                 0x08000841   Thumb Code    32  stm32f1xx_hal.o(i.HAL_Init)
    HAL_InitTick                             0x08000865   Thumb Code    54  stm32f1xx_hal.o(i.HAL_InitTick)
    HAL_MspInit                              0x080008a5   Thumb Code    52  stm32f1xx_hal_msp.o(i.HAL_MspInit)
    HAL_NVIC_EnableIRQ                       0x080008e1   Thumb Code    26  stm32f1xx_hal_cortex.o(i.HAL_NVIC_EnableIRQ)
    HAL_NVIC_SetPriority                     0x080008fd   Thumb Code    60  stm32f1xx_hal_cortex.o(i.HAL_NVIC_SetPriority)
    HAL_NVIC_SetPriorityGrouping             0x0800093d   Thumb Code    26  stm32f1xx_hal_cortex.o(i.HAL_NVIC_SetPriorityGrouping)
    HAL_RCC_ClockConfig                      0x08000961   Thumb Code   280  stm32f1xx_hal_rcc.o(i.HAL_RCC_ClockConfig)
    HAL_RCC_GetPCLK1Freq                     0x08000a8d   Thumb Code    20  stm32f1xx_hal_rcc.o(i.HAL_RCC_GetPCLK1Freq)
    HAL_RCC_GetPCLK2Freq                     0x08000aad   Thumb Code    20  stm32f1xx_hal_rcc.o(i.HAL_RCC_GetPCLK2Freq)
    HAL_RCC_GetSysClockFreq                  0x08000acd   Thumb Code    58  stm32f1xx_hal_rcc.o(i.HAL_RCC_GetSysClockFreq)
    HAL_RCC_OscConfig                        0x08000b19   Thumb Code   778  stm32f1xx_hal_rcc.o(i.HAL_RCC_OscConfig)
    HAL_SYSTICK_Config                       0x08000e39   Thumb Code    40  stm32f1xx_hal_cortex.o(i.HAL_SYSTICK_Config)
    HAL_TIMEx_BreakCallback                  0x08000e61   Thumb Code     2  stm32f1xx_hal_tim_ex.o(i.HAL_TIMEx_BreakCallback)
    HAL_TIMEx_CommutCallback                 0x08000e63   Thumb Code     2  stm32f1xx_hal_tim_ex.o(i.HAL_TIMEx_CommutCallback)
    HAL_TIMEx_ConfigBreakDeadTime            0x08000e65   Thumb Code    84  stm32f1xx_hal_tim_ex.o(i.HAL_TIMEx_ConfigBreakDeadTime)
    HAL_TIMEx_MasterConfigSynchronization    0x08000eb9   Thumb Code   104  stm32f1xx_hal_tim_ex.o(i.HAL_TIMEx_MasterConfigSynchronization)
    HAL_TIM_Base_Init                        0x08000f35   Thumb Code    90  stm32f1xx_hal_tim.o(i.HAL_TIM_Base_Init)
    HAL_TIM_Base_MspInit                     0x08000f91   Thumb Code    72  tim.o(i.HAL_TIM_Base_MspInit)
    HAL_TIM_Base_Start                       0x08000fe5   Thumb Code    78  stm32f1xx_hal_tim.o(i.HAL_TIM_Base_Start)
    HAL_TIM_Base_Start_IT                    0x08001049   Thumb Code    88  stm32f1xx_hal_tim.o(i.HAL_TIM_Base_Start_IT)
    HAL_TIM_Encoder_Init                     0x080010b5   Thumb Code   164  stm32f1xx_hal_tim.o(i.HAL_TIM_Encoder_Init)
    HAL_TIM_Encoder_MspInit                  0x08001159   Thumb Code   168  tim.o(i.HAL_TIM_Encoder_MspInit)
    HAL_TIM_Encoder_Start                    0x08001219   Thumb Code   142  stm32f1xx_hal_tim.o(i.HAL_TIM_Encoder_Start)
    HAL_TIM_IC_CaptureCallback               0x080012a7   Thumb Code     2  stm32f1xx_hal_tim.o(i.HAL_TIM_IC_CaptureCallback)
    HAL_TIM_IRQHandler                       0x080012a9   Thumb Code   358  stm32f1xx_hal_tim.o(i.HAL_TIM_IRQHandler)
    HAL_TIM_MspPostInit                      0x08001411   Thumb Code   120  tim.o(i.HAL_TIM_MspPostInit)
    HAL_TIM_OC_DelayElapsedCallback          0x0800149d   Thumb Code     2  stm32f1xx_hal_tim.o(i.HAL_TIM_OC_DelayElapsedCallback)
    HAL_TIM_PWM_ConfigChannel                0x0800149f   Thumb Code   204  stm32f1xx_hal_tim.o(i.HAL_TIM_PWM_ConfigChannel)
    HAL_TIM_PWM_Init                         0x0800156b   Thumb Code    90  stm32f1xx_hal_tim.o(i.HAL_TIM_PWM_Init)
    HAL_TIM_PWM_MspInit                      0x080015c5   Thumb Code    52  tim.o(i.HAL_TIM_PWM_MspInit)
    HAL_TIM_PWM_PulseFinishedCallback        0x08001601   Thumb Code     2  stm32f1xx_hal_tim.o(i.HAL_TIM_PWM_PulseFinishedCallback)
    HAL_TIM_PWM_Start                        0x08001605   Thumb Code   160  stm32f1xx_hal_tim.o(i.HAL_TIM_PWM_Start)
    HAL_TIM_PeriodElapsedCallback            0x080016b9   Thumb Code    32  main.o(i.HAL_TIM_PeriodElapsedCallback)
    HAL_TIM_TriggerCallback                  0x080016e1   Thumb Code     2  stm32f1xx_hal_tim.o(i.HAL_TIM_TriggerCallback)
    HAL_UARTEx_RxEventCallback               0x080016e3   Thumb Code     2  stm32f1xx_hal_uart.o(i.HAL_UARTEx_RxEventCallback)
    HAL_UART_ErrorCallback                   0x080016e5   Thumb Code     2  stm32f1xx_hal_uart.o(i.HAL_UART_ErrorCallback)
    HAL_UART_IRQHandler                      0x080016e9   Thumb Code   616  stm32f1xx_hal_uart.o(i.HAL_UART_IRQHandler)
    HAL_UART_Init                            0x08001955   Thumb Code   100  stm32f1xx_hal_uart.o(i.HAL_UART_Init)
    HAL_UART_MspInit                         0x080019b9   Thumb Code   116  usart.o(i.HAL_UART_MspInit)
    HAL_UART_Receive_IT                      0x08001a39   Thumb Code    28  stm32f1xx_hal_uart.o(i.HAL_UART_Receive_IT)
    HAL_UART_RxCpltCallback                  0x08001a55   Thumb Code    46  main.o(i.HAL_UART_RxCpltCallback)
    HAL_UART_Transmit                        0x08001a95   Thumb Code   154  stm32f1xx_hal_uart.o(i.HAL_UART_Transmit)
    HAL_UART_TxCpltCallback                  0x08001b2f   Thumb Code     2  stm32f1xx_hal_uart.o(i.HAL_UART_TxCpltCallback)
    HardFault_Handler                        0x08001b31   Thumb Code     2  stm32f1xx_it.o(i.HardFault_Handler)
    I2C_Start                                0x08001b35   Thumb Code    64  oled.o(i.I2C_Start)
    I2C_Stop                                 0x08001b79   Thumb Code    46  oled.o(i.I2C_Stop)
    I2C_WaitAck                              0x08001bad   Thumb Code    52  oled.o(i.I2C_WaitAck)
    IIC_delay                                0x08001be5   Thumb Code    10  oled.o(i.IIC_delay)
    MX_GPIO_Init                             0x08001bf1   Thumb Code   176  gpio.o(i.MX_GPIO_Init)
    MX_TIM1_Init                             0x08001cad   Thumb Code   200  tim.o(i.MX_TIM1_Init)
    MX_TIM2_Init                             0x08001d7d   Thumb Code   106  tim.o(i.MX_TIM2_Init)
    MX_TIM3_Init                             0x08001ded   Thumb Code    98  tim.o(i.MX_TIM3_Init)
    MX_TIM4_Init                             0x08001e59   Thumb Code    98  tim.o(i.MX_TIM4_Init)
    MX_TIM6_Init                             0x08001ec5   Thumb Code    62  tim.o(i.MX_TIM6_Init)
    MX_TIM7_Init                             0x08001f0d   Thumb Code    62  tim.o(i.MX_TIM7_Init)
    MX_USART1_UART_Init                      0x08001f55   Thumb Code    48  usart.o(i.MX_USART1_UART_Init)
    MemManage_Handler                        0x08001f8d   Thumb Code     2  stm32f1xx_it.o(i.MemManage_Handler)
    NMI_Handler                              0x08001f8f   Thumb Code     2  stm32f1xx_it.o(i.NMI_Handler)
    OLED_Clear                               0x08001f91   Thumb Code    40  oled.o(i.OLED_Clear)
    OLED_DisplayTurn                         0x08001fbd   Thumb Code    44  oled.o(i.OLED_DisplayTurn)
    OLED_DrawPoint                           0x08001fe9   Thumb Code    40  oled.o(i.OLED_DrawPoint)
    OLED_Init                                0x08002015   Thumb Code   246  oled.o(i.OLED_Init)
    OLED_Refresh                             0x08002111   Thumb Code   100  oled.o(i.OLED_Refresh)
    OLED_ShowChar                            0x08002179   Thumb Code   212  oled.o(i.OLED_ShowChar)
    OLED_ShowString                          0x0800225d   Thumb Code    60  oled.o(i.OLED_ShowString)
    OLED_WR_Byte                             0x08002299   Thumb Code    54  oled.o(i.OLED_WR_Byte)
    PID_Calc_add                             0x080022cf   Thumb Code   110  main.o(i.PID_Calc_add)
    PID_Calc_pos                             0x0800233d   Thumb Code   148  main.o(i.PID_Calc_pos)
    PID_CascadeCalc_2                        0x080023d1   Thumb Code    30  main.o(i.PID_CascadeCalc_2)
    PID_CascadeCalc_3                        0x080023f5   Thumb Code    30  main.o(i.PID_CascadeCalc_3)
    PID_Init_pos                             0x08002419   Thumb Code    16  main.o(i.PID_Init_pos)
    PendSV_Handler                           0x08002429   Thumb Code     2  stm32f1xx_it.o(i.PendSV_Handler)
    SVC_Handler                              0x0800242b   Thumb Code     2  stm32f1xx_it.o(i.SVC_Handler)
    Send_Byte                                0x0800242d   Thumb Code    80  oled.o(i.Send_Byte)
    Set_Pwm                                  0x08002481   Thumb Code   264  main.o(i.Set_Pwm)
    SysTick_Handler                          0x08002591   Thumb Code     4  stm32f1xx_it.o(i.SysTick_Handler)
    SystemClock_Config                       0x08002595   Thumb Code    94  main.o(i.SystemClock_Config)
    SystemInit                               0x080025f3   Thumb Code     2  system_stm32f1xx.o(i.SystemInit)
    TIM3_IRQHandler                          0x080025f5   Thumb Code     6  stm32f1xx_it.o(i.TIM3_IRQHandler)
    TIM4_IRQHandler                          0x08002601   Thumb Code     6  stm32f1xx_it.o(i.TIM4_IRQHandler)
    TIM6_IRQHandler                          0x0800260d   Thumb Code     6  stm32f1xx_it.o(i.TIM6_IRQHandler)
    TIM_Base_SetConfig                       0x08002619   Thumb Code   120  stm32f1xx_hal_tim.o(i.TIM_Base_SetConfig)
    TIM_CCxChannelCmd                        0x080026a5   Thumb Code    26  stm32f1xx_hal_tim.o(i.TIM_CCxChannelCmd)
    TIM_OC2_SetConfig                        0x08002721   Thumb Code    98  stm32f1xx_hal_tim.o(i.TIM_OC2_SetConfig)
    UART_Start_Receive_IT                    0x08002a1d   Thumb Code    54  stm32f1xx_hal_uart.o(i.UART_Start_Receive_IT)
    USART1_IRQHandler                        0x08002acd   Thumb Code     6  stm32f1xx_it.o(i.USART1_IRQHandler)
    UsageFault_Handler                       0x08002ad9   Thumb Code     2  stm32f1xx_it.o(i.UsageFault_Handler)
    _is_digit                                0x08002afb   Thumb Code    14  __printf_wp.o(i._is_digit)
    angle_take_off                           0x08002b09   Thumb Code    32  main.o(i.angle_take_off)
    angle_take_on                            0x08002b39   Thumb Code    32  main.o(i.angle_take_on)
    caculate_2                               0x08002b69   Thumb Code    60  main.o(i.caculate_2)
    caculate_3                               0x08002bb1   Thumb Code    60  main.o(i.caculate_3)
    liner_dis                                0x08002bf9   Thumb Code    36  main.o(i.liner_dis)
    main                                     0x08002c1d   Thumb Code   240  main.o(i.main)
    myabs                                    0x08002d45   Thumb Code     8  main.o(i.myabs)
    target_dis_2                             0x08002d4d   Thumb Code     4  main.o(i.target_dis_2)
    target_dis_3                             0x08002d51   Thumb Code     4  main.o(i.target_dis_3)
    tool_distance_2                          0x08002d55   Thumb Code    44  main.o(i.tool_distance_2)
    tool_distance_3                          0x08002d91   Thumb Code    44  main.o(i.tool_distance_3)
    uart_data_rec                            0x08002dcd   Thumb Code   160  main.o(i.uart_data_rec)
    __aeabi_d2f                              0x08002e99   Thumb Code     0  d2f.o(x$fpl$d2f)
    _d2f                                     0x08002e99   Thumb Code    98  d2f.o(x$fpl$d2f)
    __aeabi_ddiv                             0x08002efd   Thumb Code     0  ddiv.o(x$fpl$ddiv)
    _ddiv                                    0x08002efd   Thumb Code   552  ddiv.o(x$fpl$ddiv)
    __aeabi_i2d                              0x080031ad   Thumb Code     0  dflt_clz.o(x$fpl$dflt)
    _dflt                                    0x080031ad   Thumb Code    46  dflt_clz.o(x$fpl$dflt)
    __aeabi_dmul                             0x080031dd   Thumb Code     0  dmul.o(x$fpl$dmul)
    _dmul                                    0x080031dd   Thumb Code   332  dmul.o(x$fpl$dmul)
    __fpl_dnaninf                            0x08003331   Thumb Code   156  dnaninf.o(x$fpl$dnaninf)
    __fpl_dretinf                            0x080033cd   Thumb Code    12  dretinf.o(x$fpl$dretinf)
    __aeabi_fadd                             0x080033d9   Thumb Code     0  faddsub_clz.o(x$fpl$fadd)
    _fadd                                    0x080033d9   Thumb Code   196  faddsub_clz.o(x$fpl$fadd)
    __fpl_fcheck_NaN1                        0x0800349d   Thumb Code     6  fcheck1.o(x$fpl$fcheck1)
    __fpl_fcmp_Inf                           0x080034a9   Thumb Code    24  fcmpi.o(x$fpl$fcmpinf)
    __aeabi_fdiv                             0x080034c1   Thumb Code     0  fdiv.o(x$fpl$fdiv)
    _fdiv                                    0x080034c1   Thumb Code   384  fdiv.o(x$fpl$fdiv)
    __aeabi_f2iz                             0x08003645   Thumb Code     0  ffix.o(x$fpl$ffix)
    _ffix                                    0x08003645   Thumb Code    54  ffix.o(x$fpl$ffix)
    __aeabi_f2uiz                            0x0800367d   Thumb Code     0  ffixu.o(x$fpl$ffixu)
    _ffixu                                   0x0800367d   Thumb Code    62  ffixu.o(x$fpl$ffixu)
    __aeabi_i2f                              0x080036bd   Thumb Code     0  fflt_clz.o(x$fpl$fflt)
    _fflt                                    0x080036bd   Thumb Code    48  fflt_clz.o(x$fpl$fflt)
    __aeabi_cfcmple                          0x080036ed   Thumb Code     0  fleqf.o(x$fpl$fleqf)
    _fcmple                                  0x080036ed   Thumb Code   104  fleqf.o(x$fpl$fleqf)
    __fpl_fcmple_InfNaN                      0x0800373f   Thumb Code     0  fleqf.o(x$fpl$fleqf)
    __aeabi_fmul                             0x08003755   Thumb Code     0  fmul.o(x$fpl$fmul)
    _fmul                                    0x08003755   Thumb Code   258  fmul.o(x$fpl$fmul)
    __fpl_fnaninf                            0x08003857   Thumb Code   140  fnaninf.o(x$fpl$fnaninf)
    __fpl_fretinf                            0x080038e3   Thumb Code    10  fretinf.o(x$fpl$fretinf)
    __aeabi_cfrcmple                         0x080038ed   Thumb Code     0  frleqf.o(x$fpl$frleqf)
    _frcmple                                 0x080038ed   Thumb Code    98  frleqf.o(x$fpl$frleqf)
    __aeabi_frsub                            0x0800394f   Thumb Code     0  faddsub_clz.o(x$fpl$frsb)
    _frsb                                    0x0800394f   Thumb Code    20  faddsub_clz.o(x$fpl$frsb)
    __aeabi_fsub                             0x08003965   Thumb Code     0  faddsub_clz.o(x$fpl$fsub)
    _fsub                                    0x08003965   Thumb Code   234  faddsub_clz.o(x$fpl$fsub)
    __fpl_return_NaN                         0x08003a4f   Thumb Code   100  retnan.o(x$fpl$retnan)
    __ARM_scalbnf                            0x08003ab3   Thumb Code    76  scalbnf.o(x$fpl$scalbnf)
    __fpl_cmpreturn                          0x08003aff   Thumb Code    48  trapv.o(x$fpl$trapveneer)
    __I$use$fp                               0x08003b2e   Number         0  usenofp.o(x$fpl$usenofp)
    asc2_0806                                0x08003b2e   Data         552  oled.o(.constdata)
    asc2_1206                                0x08003d56   Data        1140  oled.o(.constdata)
    asc2_1608                                0x080041ca   Data        1520  oled.o(.constdata)
    asc2_2412                                0x080047ba   Data        3420  oled.o(.constdata)
    Hzk1                                     0x08005516   Data         352  oled.o(.constdata)
    Hzk2                                     0x08005676   Data          72  oled.o(.constdata)
    Hzk3                                     0x080056be   Data         128  oled.o(.constdata)
    Hzk4                                     0x0800573e   Data         512  oled.o(.constdata)
    AHBPrescTable                            0x08005950   Data          16  system_stm32f1xx.o(.constdata)
    APBPrescTable                            0x08005960   Data           8  system_stm32f1xx.o(.constdata)
    Region$$Table$$Base                      0x08005968   Number         0  anon$$obj.o(Region$$Table)
    Region$$Table$$Limit                     0x08005988   Number         0  anon$$obj.o(Region$$Table)
    rec_data                                 0x20000000   Data           1  main.o(.data)
    count                                    0x20000001   Data           1  main.o(.data)
    rec_flag                                 0x20000002   Data           1  main.o(.data)
    a                                        0x20000004   Data           2  main.o(.data)
    act_m_speed2                             0x20000008   Data           4  main.o(.data)
    act_m_distance2                          0x2000000c   Data           4  main.o(.data)
    act_m_speed3                             0x20000010   Data           4  main.o(.data)
    act_m_distance3                          0x20000014   Data           4  main.o(.data)
    speed_pos_2                              0x20000018   Data           4  main.o(.data)
    speed_pos_3                              0x2000001c   Data           4  main.o(.data)
    uwTickFreq                               0x20000020   Data           1  stm32f1xx_hal.o(.data)
    uwTickPrio                               0x20000024   Data           4  stm32f1xx_hal.o(.data)
    uwTick                                   0x20000028   Data           4  stm32f1xx_hal.o(.data)
    SystemCoreClock                          0x2000002c   Data           4  system_stm32f1xx.o(.data)
    OLED_GRAM                                0x20000030   Data        1152  oled.o(.bss)
    add2                                     0x200004b0   Data          40  main.o(.bss)
    pos2                                     0x200004d8   Data          40  main.o(.bss)
    add3                                     0x20000500   Data          40  main.o(.bss)
    pos3                                     0x20000528   Data          40  main.o(.bss)
    dd                                       0x20000550   Data          12  main.o(.bss)
    arr_send                                 0x2000055c   Data          20  main.o(.bss)
    send_buff                                0x20000570   Data          20  main.o(.bss)
    rec_buff                                 0x20000584   Data          20  main.o(.bss)
    htim1                                    0x20000598   Data          72  tim.o(.bss)
    htim2                                    0x200005e0   Data          72  tim.o(.bss)
    htim3                                    0x20000628   Data          72  tim.o(.bss)
    htim4                                    0x20000670   Data          72  tim.o(.bss)
    htim6                                    0x200006b8   Data          72  tim.o(.bss)
    htim7                                    0x20000700   Data          72  tim.o(.bss)
    huart1                                   0x20000748   Data          72  usart.o(.bss)
    __libspace_start                         0x20000790   Data          96  libspace.o(.bss)
    __temporary_stack_top$libspace           0x200007f0   Data           0  libspace.o(.bss)



==============================================================================

Memory Map of the image

  Image Entry point : 0x08000131

  Load Region LR_IROM1 (Base: 0x08000000, Size: 0x000059b8, Max: 0x00080000, ABSOLUTE)

    Execution Region ER_IROM1 (Exec base: 0x08000000, Load base: 0x08000000, Size: 0x00005988, Max: 0x00080000, ABSOLUTE)

    Exec Addr    Load Addr    Size         Type   Attr      Idx    E Section Name        Object

    0x08000000   0x08000000   0x00000130   Data   RO            3    RESET               startup_stm32f103xe.o
    0x08000130   0x08000130   0x00000008   Code   RO         3283  * !!!main             c_w.l(__main.o)
    0x08000138   0x08000138   0x00000034   Code   RO         3561    !!!scatter          c_w.l(__scatter.o)
    0x0800016c   0x0800016c   0x0000001a   Code   RO         3563    !!handler_copy      c_w.l(__scatter_copy.o)
    0x08000186   0x08000186   0x00000002   PAD
    0x08000188   0x08000188   0x0000001c   Code   RO         3565    !!handler_zi        c_w.l(__scatter_zi.o)
    0x080001a4   0x080001a4   0x00000000   Code   RO         3278    .ARM.Collect$$_printf_percent$$00000000  c_w.l(_printf_percent.o)
    0x080001a4   0x080001a4   0x00000004   Code   RO         3342    .ARM.Collect$$_printf_percent$$00000017  c_w.l(_printf_percent_end.o)
    0x080001a8   0x080001a8   0x00000002   Code   RO         3432    .ARM.Collect$$libinit$$00000000  c_w.l(libinit.o)
    0x080001aa   0x080001aa   0x00000000   Code   RO         3434    .ARM.Collect$$libinit$$00000002  c_w.l(libinit2.o)
    0x080001aa   0x080001aa   0x00000000   Code   RO         3436    .ARM.Collect$$libinit$$00000004  c_w.l(libinit2.o)
    0x080001aa   0x080001aa   0x00000000   Code   RO         3439    .ARM.Collect$$libinit$$0000000A  c_w.l(libinit2.o)
    0x080001aa   0x080001aa   0x00000000   Code   RO         3441    .ARM.Collect$$libinit$$0000000C  c_w.l(libinit2.o)
    0x080001aa   0x080001aa   0x00000000   Code   RO         3443    .ARM.Collect$$libinit$$0000000E  c_w.l(libinit2.o)
    0x080001aa   0x080001aa   0x00000000   Code   RO         3446    .ARM.Collect$$libinit$$00000011  c_w.l(libinit2.o)
    0x080001aa   0x080001aa   0x00000000   Code   RO         3448    .ARM.Collect$$libinit$$00000013  c_w.l(libinit2.o)
    0x080001aa   0x080001aa   0x00000000   Code   RO         3450    .ARM.Collect$$libinit$$00000015  c_w.l(libinit2.o)
    0x080001aa   0x080001aa   0x00000000   Code   RO         3452    .ARM.Collect$$libinit$$00000017  c_w.l(libinit2.o)
    0x080001aa   0x080001aa   0x00000000   Code   RO         3454    .ARM.Collect$$libinit$$00000019  c_w.l(libinit2.o)
    0x080001aa   0x080001aa   0x00000000   Code   RO         3456    .ARM.Collect$$libinit$$0000001B  c_w.l(libinit2.o)
    0x080001aa   0x080001aa   0x00000000   Code   RO         3458    .ARM.Collect$$libinit$$0000001D  c_w.l(libinit2.o)
    0x080001aa   0x080001aa   0x00000000   Code   RO         3460    .ARM.Collect$$libinit$$0000001F  c_w.l(libinit2.o)
    0x080001aa   0x080001aa   0x00000000   Code   RO         3462    .ARM.Collect$$libinit$$00000021  c_w.l(libinit2.o)
    0x080001aa   0x080001aa   0x00000000   Code   RO         3464    .ARM.Collect$$libinit$$00000023  c_w.l(libinit2.o)
    0x080001aa   0x080001aa   0x00000000   Code   RO         3466    .ARM.Collect$$libinit$$00000025  c_w.l(libinit2.o)
    0x080001aa   0x080001aa   0x00000000   Code   RO         3470    .ARM.Collect$$libinit$$0000002C  c_w.l(libinit2.o)
    0x080001aa   0x080001aa   0x00000000   Code   RO         3472    .ARM.Collect$$libinit$$0000002E  c_w.l(libinit2.o)
    0x080001aa   0x080001aa   0x00000000   Code   RO         3474    .ARM.Collect$$libinit$$00000030  c_w.l(libinit2.o)
    0x080001aa   0x080001aa   0x00000000   Code   RO         3476    .ARM.Collect$$libinit$$00000032  c_w.l(libinit2.o)
    0x080001aa   0x080001aa   0x00000002   Code   RO         3477    .ARM.Collect$$libinit$$00000033  c_w.l(libinit2.o)
    0x080001ac   0x080001ac   0x00000002   Code   RO         3509    .ARM.Collect$$libshutdown$$00000000  c_w.l(libshutdown.o)
    0x080001ae   0x080001ae   0x00000000   Code   RO         3520    .ARM.Collect$$libshutdown$$00000002  c_w.l(libshutdown2.o)
    0x080001ae   0x080001ae   0x00000000   Code   RO         3522    .ARM.Collect$$libshutdown$$00000004  c_w.l(libshutdown2.o)
    0x080001ae   0x080001ae   0x00000000   Code   RO         3525    .ARM.Collect$$libshutdown$$00000007  c_w.l(libshutdown2.o)
    0x080001ae   0x080001ae   0x00000000   Code   RO         3528    .ARM.Collect$$libshutdown$$0000000A  c_w.l(libshutdown2.o)
    0x080001ae   0x080001ae   0x00000000   Code   RO         3530    .ARM.Collect$$libshutdown$$0000000C  c_w.l(libshutdown2.o)
    0x080001ae   0x080001ae   0x00000000   Code   RO         3533    .ARM.Collect$$libshutdown$$0000000F  c_w.l(libshutdown2.o)
    0x080001ae   0x080001ae   0x00000002   Code   RO         3534    .ARM.Collect$$libshutdown$$00000010  c_w.l(libshutdown2.o)
    0x080001b0   0x080001b0   0x00000000   Code   RO         3333    .ARM.Collect$$rtentry$$00000000  c_w.l(__rtentry.o)
    0x080001b0   0x080001b0   0x00000000   Code   RO         3357    .ARM.Collect$$rtentry$$00000002  c_w.l(__rtentry2.o)
    0x080001b0   0x080001b0   0x00000006   Code   RO         3369    .ARM.Collect$$rtentry$$00000004  c_w.l(__rtentry4.o)
    0x080001b6   0x080001b6   0x00000000   Code   RO         3359    .ARM.Collect$$rtentry$$00000009  c_w.l(__rtentry2.o)
    0x080001b6   0x080001b6   0x00000004   Code   RO         3360    .ARM.Collect$$rtentry$$0000000A  c_w.l(__rtentry2.o)
    0x080001ba   0x080001ba   0x00000000   Code   RO         3362    .ARM.Collect$$rtentry$$0000000C  c_w.l(__rtentry2.o)
    0x080001ba   0x080001ba   0x00000008   Code   RO         3363    .ARM.Collect$$rtentry$$0000000D  c_w.l(__rtentry2.o)
    0x080001c2   0x080001c2   0x00000002   Code   RO         3480    .ARM.Collect$$rtexit$$00000000  c_w.l(rtexit.o)
    0x080001c4   0x080001c4   0x00000000   Code   RO         3487    .ARM.Collect$$rtexit$$00000002  c_w.l(rtexit2.o)
    0x080001c4   0x080001c4   0x00000004   Code   RO         3488    .ARM.Collect$$rtexit$$00000003  c_w.l(rtexit2.o)
    0x080001c8   0x080001c8   0x00000006   Code   RO         3489    .ARM.Collect$$rtexit$$00000004  c_w.l(rtexit2.o)
    0x080001ce   0x080001ce   0x00000002   PAD
    0x080001d0   0x080001d0   0x00000040   Code   RO            4    .text               startup_stm32f103xe.o
    0x08000210   0x08000210   0x00000028   Code   RO         3250    .text               c_w.l(noretval__2sprintf.o)
    0x08000238   0x08000238   0x0000010e   Code   RO         3264    .text               c_w.l(__printf_wp.o)
    0x08000346   0x08000346   0x0000004e   Code   RO         3279    .text               c_w.l(rt_memclr_w.o)
    0x08000394   0x08000394   0x00000006   Code   RO         3281    .text               c_w.l(heapauxi.o)
    0x0800039a   0x0800039a   0x00000002   PAD
    0x0800039c   0x0800039c   0x00000030   Code   RO         3338    .text               c_w.l(_printf_char_common.o)
    0x080003cc   0x080003cc   0x0000000a   Code   RO         3340    .text               c_w.l(_sputc.o)
    0x080003d6   0x080003d6   0x00000002   PAD
    0x080003d8   0x080003d8   0x00000008   Code   RO         3418    .text               c_w.l(libspace.o)
    0x080003e0   0x080003e0   0x0000004a   Code   RO         3421    .text               c_w.l(sys_stackheap_outer.o)
    0x0800042a   0x0800042a   0x00000012   Code   RO         3423    .text               c_w.l(exit.o)
    0x0800043c   0x0800043c   0x0000000c   Code   RO         3499    .text               c_w.l(sys_exit.o)
    0x08000448   0x08000448   0x00000002   Code   RO         3510    .text               c_w.l(use_no_semi.o)
    0x0800044a   0x0800044a   0x00000000   Code   RO         3512    .text               c_w.l(indicate_semi.o)
    0x0800044a   0x0800044a   0x00000002   Code   RO          736    i.BusFault_Handler  stm32f1xx_it.o
    0x0800044c   0x0800044c   0x00000002   Code   RO          737    i.DebugMon_Handler  stm32f1xx_it.o
    0x0800044e   0x0800044e   0x00000002   PAD
    0x08000450   0x08000450   0x00000018   Code   RO          267    i.Encoder_Get_2     main.o
    0x08000468   0x08000468   0x00000018   Code   RO          268    i.Encoder_Get_3     main.o
    0x08000480   0x08000480   0x00000004   Code   RO          269    i.Error_Handler     main.o
    0x08000484   0x08000484   0x00000046   Code   RO         2250    i.HAL_DMA_Abort     stm32f1xx_hal_dma.o
    0x080004ca   0x080004ca   0x00000002   PAD
    0x080004cc   0x080004cc   0x00000130   Code   RO         2251    i.HAL_DMA_Abort_IT  stm32f1xx_hal_dma.o
    0x080005fc   0x080005fc   0x00000024   Code   RO         1876    i.HAL_Delay         stm32f1xx_hal.o
    0x08000620   0x08000620   0x000001f8   Code   RO         2186    i.HAL_GPIO_Init     stm32f1xx_hal_gpio.o
    0x08000818   0x08000818   0x0000000a   Code   RO         2190    i.HAL_GPIO_WritePin  stm32f1xx_hal_gpio.o
    0x08000822   0x08000822   0x00000002   PAD
    0x08000824   0x08000824   0x0000000c   Code   RO         1880    i.HAL_GetTick       stm32f1xx_hal.o
    0x08000830   0x08000830   0x00000010   Code   RO         1886    i.HAL_IncTick       stm32f1xx_hal.o
    0x08000840   0x08000840   0x00000024   Code   RO         1887    i.HAL_Init          stm32f1xx_hal.o
    0x08000864   0x08000864   0x00000040   Code   RO         1888    i.HAL_InitTick      stm32f1xx_hal.o
    0x080008a4   0x080008a4   0x0000003c   Code   RO          836    i.HAL_MspInit       stm32f1xx_hal_msp.o
    0x080008e0   0x080008e0   0x0000001a   Code   RO         2346    i.HAL_NVIC_EnableIRQ  stm32f1xx_hal_cortex.o
    0x080008fa   0x080008fa   0x00000002   PAD
    0x080008fc   0x080008fc   0x00000040   Code   RO         2352    i.HAL_NVIC_SetPriority  stm32f1xx_hal_cortex.o
    0x0800093c   0x0800093c   0x00000024   Code   RO         2353    i.HAL_NVIC_SetPriorityGrouping  stm32f1xx_hal_cortex.o
    0x08000960   0x08000960   0x0000012c   Code   RO         2044    i.HAL_RCC_ClockConfig  stm32f1xx_hal_rcc.o
    0x08000a8c   0x08000a8c   0x00000020   Code   RO         2051    i.HAL_RCC_GetPCLK1Freq  stm32f1xx_hal_rcc.o
    0x08000aac   0x08000aac   0x00000020   Code   RO         2052    i.HAL_RCC_GetPCLK2Freq  stm32f1xx_hal_rcc.o
    0x08000acc   0x08000acc   0x0000004c   Code   RO         2053    i.HAL_RCC_GetSysClockFreq  stm32f1xx_hal_rcc.o
    0x08000b18   0x08000b18   0x00000320   Code   RO         2056    i.HAL_RCC_OscConfig  stm32f1xx_hal_rcc.o
    0x08000e38   0x08000e38   0x00000028   Code   RO         2357    i.HAL_SYSTICK_Config  stm32f1xx_hal_cortex.o
    0x08000e60   0x08000e60   0x00000002   Code   RO         1602    i.HAL_TIMEx_BreakCallback  stm32f1xx_hal_tim_ex.o
    0x08000e62   0x08000e62   0x00000002   Code   RO         1603    i.HAL_TIMEx_CommutCallback  stm32f1xx_hal_tim_ex.o
    0x08000e64   0x08000e64   0x00000054   Code   RO         1605    i.HAL_TIMEx_ConfigBreakDeadTime  stm32f1xx_hal_tim_ex.o
    0x08000eb8   0x08000eb8   0x0000007c   Code   RO         1621    i.HAL_TIMEx_MasterConfigSynchronization  stm32f1xx_hal_tim_ex.o
    0x08000f34   0x08000f34   0x0000005a   Code   RO          898    i.HAL_TIM_Base_Init  stm32f1xx_hal_tim.o
    0x08000f8e   0x08000f8e   0x00000002   PAD
    0x08000f90   0x08000f90   0x00000054   Code   RO          593    i.HAL_TIM_Base_MspInit  tim.o
    0x08000fe4   0x08000fe4   0x00000064   Code   RO          901    i.HAL_TIM_Base_Start  stm32f1xx_hal_tim.o
    0x08001048   0x08001048   0x0000006c   Code   RO          903    i.HAL_TIM_Base_Start_IT  stm32f1xx_hal_tim.o
    0x080010b4   0x080010b4   0x000000a4   Code   RO          919    i.HAL_TIM_Encoder_Init  stm32f1xx_hal_tim.o
    0x08001158   0x08001158   0x000000c0   Code   RO          595    i.HAL_TIM_Encoder_MspInit  tim.o
    0x08001218   0x08001218   0x0000008e   Code   RO          922    i.HAL_TIM_Encoder_Start  stm32f1xx_hal_tim.o
    0x080012a6   0x080012a6   0x00000002   Code   RO          932    i.HAL_TIM_IC_CaptureCallback  stm32f1xx_hal_tim.o
    0x080012a8   0x080012a8   0x00000166   Code   RO          946    i.HAL_TIM_IRQHandler  stm32f1xx_hal_tim.o
    0x0800140e   0x0800140e   0x00000002   PAD
    0x08001410   0x08001410   0x0000008c   Code   RO          596    i.HAL_TIM_MspPostInit  tim.o
    0x0800149c   0x0800149c   0x00000002   Code   RO          949    i.HAL_TIM_OC_DelayElapsedCallback  stm32f1xx_hal_tim.o
    0x0800149e   0x0800149e   0x000000cc   Code   RO          970    i.HAL_TIM_PWM_ConfigChannel  stm32f1xx_hal_tim.o
    0x0800156a   0x0800156a   0x0000005a   Code   RO          973    i.HAL_TIM_PWM_Init  stm32f1xx_hal_tim.o
    0x080015c4   0x080015c4   0x0000003c   Code   RO          598    i.HAL_TIM_PWM_MspInit  tim.o
    0x08001600   0x08001600   0x00000002   Code   RO          976    i.HAL_TIM_PWM_PulseFinishedCallback  stm32f1xx_hal_tim.o
    0x08001602   0x08001602   0x00000002   PAD
    0x08001604   0x08001604   0x000000b4   Code   RO          978    i.HAL_TIM_PWM_Start  stm32f1xx_hal_tim.o
    0x080016b8   0x080016b8   0x00000028   Code   RO          270    i.HAL_TIM_PeriodElapsedCallback  main.o
    0x080016e0   0x080016e0   0x00000002   Code   RO          989    i.HAL_TIM_TriggerCallback  stm32f1xx_hal_tim.o
    0x080016e2   0x080016e2   0x00000002   Code   RO         2858    i.HAL_UARTEx_RxEventCallback  stm32f1xx_hal_uart.o
    0x080016e4   0x080016e4   0x00000002   Code   RO         2872    i.HAL_UART_ErrorCallback  stm32f1xx_hal_uart.o
    0x080016e6   0x080016e6   0x00000002   PAD
    0x080016e8   0x080016e8   0x0000026c   Code   RO         2875    i.HAL_UART_IRQHandler  stm32f1xx_hal_uart.o
    0x08001954   0x08001954   0x00000064   Code   RO         2876    i.HAL_UART_Init     stm32f1xx_hal_uart.o
    0x080019b8   0x080019b8   0x00000080   Code   RO          695    i.HAL_UART_MspInit  usart.o
    0x08001a38   0x08001a38   0x0000001c   Code   RO         2881    i.HAL_UART_Receive_IT  stm32f1xx_hal_uart.o
    0x08001a54   0x08001a54   0x00000040   Code   RO          271    i.HAL_UART_RxCpltCallback  main.o
    0x08001a94   0x08001a94   0x0000009a   Code   RO         2884    i.HAL_UART_Transmit  stm32f1xx_hal_uart.o
    0x08001b2e   0x08001b2e   0x00000002   Code   RO         2887    i.HAL_UART_TxCpltCallback  stm32f1xx_hal_uart.o
    0x08001b30   0x08001b30   0x00000002   Code   RO          738    i.HardFault_Handler  stm32f1xx_it.o
    0x08001b32   0x08001b32   0x00000002   PAD
    0x08001b34   0x08001b34   0x00000044   Code   RO           13    i.I2C_Start         oled.o
    0x08001b78   0x08001b78   0x00000034   Code   RO           14    i.I2C_Stop          oled.o
    0x08001bac   0x08001bac   0x00000038   Code   RO           15    i.I2C_WaitAck       oled.o
    0x08001be4   0x08001be4   0x0000000a   Code   RO           16    i.IIC_delay         oled.o
    0x08001bee   0x08001bee   0x00000002   PAD
    0x08001bf0   0x08001bf0   0x000000bc   Code   RO          565    i.MX_GPIO_Init      gpio.o
    0x08001cac   0x08001cac   0x000000d0   Code   RO          599    i.MX_TIM1_Init      tim.o
    0x08001d7c   0x08001d7c   0x00000070   Code   RO          600    i.MX_TIM2_Init      tim.o
    0x08001dec   0x08001dec   0x0000006c   Code   RO          601    i.MX_TIM3_Init      tim.o
    0x08001e58   0x08001e58   0x0000006c   Code   RO          602    i.MX_TIM4_Init      tim.o
    0x08001ec4   0x08001ec4   0x00000048   Code   RO          603    i.MX_TIM6_Init      tim.o
    0x08001f0c   0x08001f0c   0x00000048   Code   RO          604    i.MX_TIM7_Init      tim.o
    0x08001f54   0x08001f54   0x00000038   Code   RO          696    i.MX_USART1_UART_Init  usart.o
    0x08001f8c   0x08001f8c   0x00000002   Code   RO          739    i.MemManage_Handler  stm32f1xx_it.o
    0x08001f8e   0x08001f8e   0x00000002   Code   RO          740    i.NMI_Handler       stm32f1xx_it.o
    0x08001f90   0x08001f90   0x0000002c   Code   RO           17    i.OLED_Clear        oled.o
    0x08001fbc   0x08001fbc   0x0000002c   Code   RO           21    i.OLED_DisplayTurn  oled.o
    0x08001fe8   0x08001fe8   0x0000002c   Code   RO           24    i.OLED_DrawPoint    oled.o
    0x08002014   0x08002014   0x000000fc   Code   RO           25    i.OLED_Init         oled.o
    0x08002110   0x08002110   0x00000068   Code   RO           27    i.OLED_Refresh      oled.o
    0x08002178   0x08002178   0x000000e4   Code   RO           29    i.OLED_ShowChar     oled.o
    0x0800225c   0x0800225c   0x0000003c   Code   RO           33    i.OLED_ShowString   oled.o
    0x08002298   0x08002298   0x00000036   Code   RO           34    i.OLED_WR_Byte      oled.o
    0x080022ce   0x080022ce   0x0000006e   Code   RO          272    i.PID_Calc_add      main.o
    0x0800233c   0x0800233c   0x00000094   Code   RO          273    i.PID_Calc_pos      main.o
    0x080023d0   0x080023d0   0x00000024   Code   RO          274    i.PID_CascadeCalc_2  main.o
    0x080023f4   0x080023f4   0x00000024   Code   RO          275    i.PID_CascadeCalc_3  main.o
    0x08002418   0x08002418   0x00000010   Code   RO          277    i.PID_Init_pos      main.o
    0x08002428   0x08002428   0x00000002   Code   RO          741    i.PendSV_Handler    stm32f1xx_it.o
    0x0800242a   0x0800242a   0x00000002   Code   RO          742    i.SVC_Handler       stm32f1xx_it.o
    0x0800242c   0x0800242c   0x00000054   Code   RO           35    i.Send_Byte         oled.o
    0x08002480   0x08002480   0x00000110   Code   RO          278    i.Set_Pwm           main.o
    0x08002590   0x08002590   0x00000004   Code   RO          743    i.SysTick_Handler   stm32f1xx_it.o
    0x08002594   0x08002594   0x0000005e   Code   RO          279    i.SystemClock_Config  main.o
    0x080025f2   0x080025f2   0x00000002   Code   RO         3210    i.SystemInit        system_stm32f1xx.o
    0x080025f4   0x080025f4   0x0000000c   Code   RO          744    i.TIM3_IRQHandler   stm32f1xx_it.o
    0x08002600   0x08002600   0x0000000c   Code   RO          745    i.TIM4_IRQHandler   stm32f1xx_it.o
    0x0800260c   0x0800260c   0x0000000c   Code   RO          746    i.TIM6_IRQHandler   stm32f1xx_it.o
    0x08002618   0x08002618   0x0000008c   Code   RO          991    i.TIM_Base_SetConfig  stm32f1xx_hal_tim.o
    0x080026a4   0x080026a4   0x0000001a   Code   RO          992    i.TIM_CCxChannelCmd  stm32f1xx_hal_tim.o
    0x080026be   0x080026be   0x00000002   PAD
    0x080026c0   0x080026c0   0x00000060   Code   RO         1004    i.TIM_OC1_SetConfig  stm32f1xx_hal_tim.o
    0x08002720   0x08002720   0x0000006c   Code   RO         1005    i.TIM_OC2_SetConfig  stm32f1xx_hal_tim.o
    0x0800278c   0x0800278c   0x00000068   Code   RO         1006    i.TIM_OC3_SetConfig  stm32f1xx_hal_tim.o
    0x080027f4   0x080027f4   0x00000050   Code   RO         1007    i.TIM_OC4_SetConfig  stm32f1xx_hal_tim.o
    0x08002844   0x08002844   0x00000010   Code   RO         2889    i.UART_DMAAbortOnError  stm32f1xx_hal_uart.o
    0x08002854   0x08002854   0x0000004e   Code   RO         2899    i.UART_EndRxTransfer  stm32f1xx_hal_uart.o
    0x080028a2   0x080028a2   0x000000c2   Code   RO         2901    i.UART_Receive_IT   stm32f1xx_hal_uart.o
    0x08002964   0x08002964   0x000000b8   Code   RO         2902    i.UART_SetConfig    stm32f1xx_hal_uart.o
    0x08002a1c   0x08002a1c   0x00000036   Code   RO         2904    i.UART_Start_Receive_IT  stm32f1xx_hal_uart.o
    0x08002a52   0x08002a52   0x00000078   Code   RO         2905    i.UART_WaitOnFlagUntilTimeout  stm32f1xx_hal_uart.o
    0x08002aca   0x08002aca   0x00000002   PAD
    0x08002acc   0x08002acc   0x0000000c   Code   RO          747    i.USART1_IRQHandler  stm32f1xx_it.o
    0x08002ad8   0x08002ad8   0x00000002   Code   RO          748    i.UsageFault_Handler  stm32f1xx_it.o
    0x08002ada   0x08002ada   0x00000020   Code   RO         2359    i.__NVIC_SetPriority  stm32f1xx_hal_cortex.o
    0x08002afa   0x08002afa   0x0000000e   Code   RO         3266    i._is_digit         c_w.l(__printf_wp.o)
    0x08002b08   0x08002b08   0x00000030   Code   RO          280    i.angle_take_off    main.o
    0x08002b38   0x08002b38   0x00000030   Code   RO          281    i.angle_take_on     main.o
    0x08002b68   0x08002b68   0x00000048   Code   RO          282    i.caculate_2        main.o
    0x08002bb0   0x08002bb0   0x00000048   Code   RO          283    i.caculate_3        main.o
    0x08002bf8   0x08002bf8   0x00000024   Code   RO          286    i.liner_dis         main.o
    0x08002c1c   0x08002c1c   0x00000128   Code   RO          287    i.main              main.o
    0x08002d44   0x08002d44   0x00000008   Code   RO          288    i.myabs             main.o
    0x08002d4c   0x08002d4c   0x00000004   Code   RO          291    i.target_dis_2      main.o
    0x08002d50   0x08002d50   0x00000004   Code   RO          292    i.target_dis_3      main.o
    0x08002d54   0x08002d54   0x0000003c   Code   RO          293    i.tool_distance_2   main.o
    0x08002d90   0x08002d90   0x0000003c   Code   RO          294    i.tool_distance_3   main.o
    0x08002dcc   0x08002dcc   0x000000cc   Code   RO          295    i.uart_data_rec     main.o
    0x08002e98   0x08002e98   0x00000062   Code   RO         3285    x$fpl$d2f           fz_ws.l(d2f.o)
    0x08002efa   0x08002efa   0x00000002   PAD
    0x08002efc   0x08002efc   0x000002b0   Code   RO         3288    x$fpl$ddiv          fz_ws.l(ddiv.o)
    0x080031ac   0x080031ac   0x0000002e   Code   RO         3292    x$fpl$dflt          fz_ws.l(dflt_clz.o)
    0x080031da   0x080031da   0x00000002   PAD
    0x080031dc   0x080031dc   0x00000154   Code   RO         3297    x$fpl$dmul          fz_ws.l(dmul.o)
    0x08003330   0x08003330   0x0000009c   Code   RO         3343    x$fpl$dnaninf       fz_ws.l(dnaninf.o)
    0x080033cc   0x080033cc   0x0000000c   Code   RO         3345    x$fpl$dretinf       fz_ws.l(dretinf.o)
    0x080033d8   0x080033d8   0x000000c4   Code   RO         3301    x$fpl$fadd          fz_ws.l(faddsub_clz.o)
    0x0800349c   0x0800349c   0x0000000c   Code   RO         3347    x$fpl$fcheck1       fz_ws.l(fcheck1.o)
    0x080034a8   0x080034a8   0x00000018   Code   RO         3410    x$fpl$fcmpinf       fz_ws.l(fcmpi.o)
    0x080034c0   0x080034c0   0x00000184   Code   RO         3308    x$fpl$fdiv          fz_ws.l(fdiv.o)
    0x08003644   0x08003644   0x00000036   Code   RO         3311    x$fpl$ffix          fz_ws.l(ffix.o)
    0x0800367a   0x0800367a   0x00000002   PAD
    0x0800367c   0x0800367c   0x0000003e   Code   RO         3315    x$fpl$ffixu         fz_ws.l(ffixu.o)
    0x080036ba   0x080036ba   0x00000002   PAD
    0x080036bc   0x080036bc   0x00000030   Code   RO         3320    x$fpl$fflt          fz_ws.l(fflt_clz.o)
    0x080036ec   0x080036ec   0x00000068   Code   RO         3349    x$fpl$fleqf         fz_ws.l(fleqf.o)
    0x08003754   0x08003754   0x00000102   Code   RO         3325    x$fpl$fmul          fz_ws.l(fmul.o)
    0x08003856   0x08003856   0x0000008c   Code   RO         3351    x$fpl$fnaninf       fz_ws.l(fnaninf.o)
    0x080038e2   0x080038e2   0x0000000a   Code   RO         3353    x$fpl$fretinf       fz_ws.l(fretinf.o)
    0x080038ec   0x080038ec   0x00000062   Code   RO         3327    x$fpl$frleqf        fz_ws.l(frleqf.o)
    0x0800394e   0x0800394e   0x00000014   Code   RO         3302    x$fpl$frsb          fz_ws.l(faddsub_clz.o)
    0x08003962   0x08003962   0x00000002   PAD
    0x08003964   0x08003964   0x000000ea   Code   RO         3303    x$fpl$fsub          fz_ws.l(faddsub_clz.o)
    0x08003a4e   0x08003a4e   0x00000064   Code   RO         3414    x$fpl$retnan        fz_ws.l(retnan.o)
    0x08003ab2   0x08003ab2   0x0000004c   Code   RO         3331    x$fpl$scalbnf       fz_ws.l(scalbnf.o)
    0x08003afe   0x08003afe   0x00000030   Code   RO         3478    x$fpl$trapveneer    fz_ws.l(trapv.o)
    0x08003b2e   0x08003b2e   0x00000000   Code   RO         3355    x$fpl$usenofp       fz_ws.l(usenofp.o)
    0x08003b2e   0x08003b2e   0x00001e10   Data   RO           37    .constdata          oled.o
    0x0800593e   0x0800593e   0x00000012   Data   RO         2057    .constdata          stm32f1xx_hal_rcc.o
    0x08005950   0x08005950   0x00000010   Data   RO         3211    .constdata          system_stm32f1xx.o
    0x08005960   0x08005960   0x00000008   Data   RO         3212    .constdata          system_stm32f1xx.o
    0x08005968   0x08005968   0x00000020   Data   RO         3559    Region$$Table       anon$$obj.o


    Execution Region RW_IRAM1 (Exec base: 0x20000000, Load base: 0x08005988, Size: 0x00000df0, Max: 0x00010000, ABSOLUTE)

    Exec Addr    Load Addr    Size         Type   Attr      Idx    E Section Name        Object

    0x20000000   0x08005988   0x00000020   Data   RW          297    .data               main.o
    0x20000020   0x080059a8   0x0000000c   Data   RW         1894    .data               stm32f1xx_hal.o
    0x2000002c   0x080059b4   0x00000004   Data   RW         3213    .data               system_stm32f1xx.o
    0x20000030        -       0x00000480   Zero   RW           36    .bss                oled.o
    0x200004b0        -       0x000000e8   Zero   RW          296    .bss                main.o
    0x20000598        -       0x000001b0   Zero   RW          605    .bss                tim.o
    0x20000748        -       0x00000048   Zero   RW          697    .bss                usart.o
    0x20000790        -       0x00000060   Zero   RW         3419    .bss                c_w.l(libspace.o)
    0x200007f0        -       0x00000200   Zero   RW            2    HEAP                startup_stm32f103xe.o
    0x200009f0        -       0x00000400   Zero   RW            1    STACK               startup_stm32f103xe.o


==============================================================================

Image component sizes


      Code (inc. data)   RO Data    RW Data    ZI Data      Debug   Object Name

       188         12          0          0          0       1039   gpio.o
      1780        250          0         32        232     491514   main.o
      1100         52       7696          0       1152     495299   oled.o
        64         26        304          0       1536        812   startup_stm32f103xe.o
       164         28          0         12          0       6657   stm32f1xx_hal.o
       198         14          0          0          0      29055   stm32f1xx_hal_cortex.o
       374          8          0          0          0       1891   stm32f1xx_hal_dma.o
       514         42          0          0          0       2960   stm32f1xx_hal_gpio.o
        60          8          0          0          0        906   stm32f1xx_hal_msp.o
      1240         84         18          0          0       5232   stm32f1xx_hal_rcc.o
      1998        118          0          0          0      15476   stm32f1xx_hal_tim.o
       212         20          0          0          0       3289   stm32f1xx_hal_tim_ex.o
      1554         10          0          0          0      11144   stm32f1xx_hal_uart.o
        68         24          0          0          0       5848   stm32f1xx_it.o
         2          0         24          4          0       1175   system_stm32f1xx.o
      1156        118          0          0        432       7077   tim.o
       184         20          0          0         72       1766   usart.o

    ----------------------------------------------------------------------
     10880        834       8074         48       3424    1081140   Object Totals
         0          0         32          0          0          0   (incl. Generated)
        24          0          0          0          0          0   (incl. Padding)

    ----------------------------------------------------------------------

      Code (inc. data)   RO Data    RW Data    ZI Data      Debug   Library Member Name

         8          0          0          0          0         68   __main.o
       284          0          0          0          0        156   __printf_wp.o
         0          0          0          0          0          0   __rtentry.o
        12          0          0          0          0          0   __rtentry2.o
         6          0          0          0          0          0   __rtentry4.o
        52          8          0          0          0          0   __scatter.o
        26          0          0          0          0          0   __scatter_copy.o
        28          0          0          0          0          0   __scatter_zi.o
        48          6          0          0          0         96   _printf_char_common.o
         0          0          0          0          0          0   _printf_percent.o
         4          0          0          0          0          0   _printf_percent_end.o
        10          0          0          0          0         68   _sputc.o
        18          0          0          0          0         80   exit.o
         6          0          0          0          0        152   heapauxi.o
         0          0          0          0          0          0   indicate_semi.o
         2          0          0          0          0          0   libinit.o
         2          0          0          0          0          0   libinit2.o
         2          0          0          0          0          0   libshutdown.o
         2          0          0          0          0          0   libshutdown2.o
         8          4          0          0         96         68   libspace.o
        40          6          0          0          0         84   noretval__2sprintf.o
        78          0          0          0          0         80   rt_memclr_w.o
         2          0          0          0          0          0   rtexit.o
        10          0          0          0          0          0   rtexit2.o
        12          4          0          0          0         68   sys_exit.o
        74          0          0          0          0         80   sys_stackheap_outer.o
         2          0          0          0          0         68   use_no_semi.o
        98          4          0          0          0         92   d2f.o
       688        140          0          0          0        208   ddiv.o
        46          0          0          0          0         68   dflt_clz.o
       340         12          0          0          0        104   dmul.o
       156          4          0          0          0         92   dnaninf.o
        12          0          0          0          0         68   dretinf.o
       450          8          0          0          0        236   faddsub_clz.o
        12          4          0          0          0         68   fcheck1.o
        24          0          0          0          0         68   fcmpi.o
       388         76          0          0          0         96   fdiv.o
        54          4          0          0          0         84   ffix.o
        62          4          0          0          0         84   ffixu.o
        48          0          0          0          0         68   fflt_clz.o
       104          4          0          0          0         84   fleqf.o
       258          4          0          0          0         84   fmul.o
       140          4          0          0          0         84   fnaninf.o
        10          0          0          0          0         68   fretinf.o
        98          0          0          0          0         68   frleqf.o
       100          0          0          0          0         68   retnan.o
        76          0          0          0          0         68   scalbnf.o
        48          0          0          0          0         68   trapv.o
         0          0          0          0          0          0   usenofp.o

    ----------------------------------------------------------------------
      3966        296          0          0         96       2996   Library Totals
        18          0          0          0          0          0   (incl. Padding)

    ----------------------------------------------------------------------

      Code (inc. data)   RO Data    RW Data    ZI Data      Debug   Library Name

       736         28          0          0         96       1068   c_w.l
      3212        268          0          0          0       1928   fz_ws.l

    ----------------------------------------------------------------------
      3966        296          0          0         96       2996   Library Totals

    ----------------------------------------------------------------------

==============================================================================


      Code (inc. data)   RO Data    RW Data    ZI Data      Debug   

     14846       1130       8074         48       3520    1076540   Grand Totals
     14846       1130       8074         48       3520    1076540   ELF Image Totals
     14846       1130       8074         48          0          0   ROM Totals

==============================================================================

    Total RO  Size (Code + RO Data)                22920 (  22.38kB)
    Total RW  Size (RW Data + ZI Data)              3568 (   3.48kB)
    Total ROM Size (Code + RO Data + RW Data)      22968 (  22.43kB)

==============================================================================

